Archive member included to satisfy reference by file (symbol)

C:/ST/STM32CubeIDE_1.17.0/STM32CubeIDE/plugins/com.st.stm32cube.ide.mcu.externaltools.gnu-tools-for-stm32.12.3.rel1.win32_1.1.0.202410251130/tools/bin/../lib/gcc/arm-none-eabi/12.3.1/../../../../arm-none-eabi/lib/thumb/v7e-m+fp/hard\libc_nano.a(libc_a-exit.o)
                              C:/ST/STM32CubeIDE_1.17.0/STM32CubeIDE/plugins/com.st.stm32cube.ide.mcu.externaltools.gnu-tools-for-stm32.12.3.rel1.win32_1.1.0.202410251130/tools/bin/../lib/gcc/arm-none-eabi/12.3.1/../../../../arm-none-eabi/lib/thumb/v7e-m+fp/hard/crt0.o (exit)
C:/ST/STM32CubeIDE_1.17.0/STM32CubeIDE/plugins/com.st.stm32cube.ide.mcu.externaltools.gnu-tools-for-stm32.12.3.rel1.win32_1.1.0.202410251130/tools/bin/../lib/gcc/arm-none-eabi/12.3.1/../../../../arm-none-eabi/lib/thumb/v7e-m+fp/hard\libc_nano.a(libc_a-malloc.o)
                              ./Core/Src/ble.o (malloc)
C:/ST/STM32CubeIDE_1.17.0/STM32CubeIDE/plugins/com.st.stm32cube.ide.mcu.externaltools.gnu-tools-for-stm32.12.3.rel1.win32_1.1.0.202410251130/tools/bin/../lib/gcc/arm-none-eabi/12.3.1/../../../../arm-none-eabi/lib/thumb/v7e-m+fp/hard\libc_nano.a(libc_a-mallocr.o)
                              C:/ST/STM32CubeIDE_1.17.0/STM32CubeIDE/plugins/com.st.stm32cube.ide.mcu.externaltools.gnu-tools-for-stm32.12.3.rel1.win32_1.1.0.202410251130/tools/bin/../lib/gcc/arm-none-eabi/12.3.1/../../../../arm-none-eabi/lib/thumb/v7e-m+fp/hard\libc_nano.a(libc_a-malloc.o) (_malloc_r)
C:/ST/STM32CubeIDE_1.17.0/STM32CubeIDE/plugins/com.st.stm32cube.ide.mcu.externaltools.gnu-tools-for-stm32.12.3.rel1.win32_1.1.0.202410251130/tools/bin/../lib/gcc/arm-none-eabi/12.3.1/../../../../arm-none-eabi/lib/thumb/v7e-m+fp/hard\libc_nano.a(libc_a-mlock.o)
                              C:/ST/STM32CubeIDE_1.17.0/STM32CubeIDE/plugins/com.st.stm32cube.ide.mcu.externaltools.gnu-tools-for-stm32.12.3.rel1.win32_1.1.0.202410251130/tools/bin/../lib/gcc/arm-none-eabi/12.3.1/../../../../arm-none-eabi/lib/thumb/v7e-m+fp/hard\libc_nano.a(libc_a-mallocr.o) (__malloc_lock)
C:/ST/STM32CubeIDE_1.17.0/STM32CubeIDE/plugins/com.st.stm32cube.ide.mcu.externaltools.gnu-tools-for-stm32.12.3.rel1.win32_1.1.0.202410251130/tools/bin/../lib/gcc/arm-none-eabi/12.3.1/../../../../arm-none-eabi/lib/thumb/v7e-m+fp/hard\libc_nano.a(libc_a-findfp.o)
                              C:/ST/STM32CubeIDE_1.17.0/STM32CubeIDE/plugins/com.st.stm32cube.ide.mcu.externaltools.gnu-tools-for-stm32.12.3.rel1.win32_1.1.0.202410251130/tools/bin/../lib/gcc/arm-none-eabi/12.3.1/../../../../arm-none-eabi/lib/thumb/v7e-m+fp/hard\libc_nano.a(libc_a-exit.o) (__stdio_exit_handler)
C:/ST/STM32CubeIDE_1.17.0/STM32CubeIDE/plugins/com.st.stm32cube.ide.mcu.externaltools.gnu-tools-for-stm32.12.3.rel1.win32_1.1.0.202410251130/tools/bin/../lib/gcc/arm-none-eabi/12.3.1/../../../../arm-none-eabi/lib/thumb/v7e-m+fp/hard\libc_nano.a(libc_a-fwalk.o)
                              C:/ST/STM32CubeIDE_1.17.0/STM32CubeIDE/plugins/com.st.stm32cube.ide.mcu.externaltools.gnu-tools-for-stm32.12.3.rel1.win32_1.1.0.202410251130/tools/bin/../lib/gcc/arm-none-eabi/12.3.1/../../../../arm-none-eabi/lib/thumb/v7e-m+fp/hard\libc_nano.a(libc_a-findfp.o) (_fwalk_sglue)
C:/ST/STM32CubeIDE_1.17.0/STM32CubeIDE/plugins/com.st.stm32cube.ide.mcu.externaltools.gnu-tools-for-stm32.12.3.rel1.win32_1.1.0.202410251130/tools/bin/../lib/gcc/arm-none-eabi/12.3.1/../../../../arm-none-eabi/lib/thumb/v7e-m+fp/hard\libc_nano.a(libc_a-printf.o)
                              ./Core/Src/lsm6dsl.o (printf)
C:/ST/STM32CubeIDE_1.17.0/STM32CubeIDE/plugins/com.st.stm32cube.ide.mcu.externaltools.gnu-tools-for-stm32.12.3.rel1.win32_1.1.0.202410251130/tools/bin/../lib/gcc/arm-none-eabi/12.3.1/../../../../arm-none-eabi/lib/thumb/v7e-m+fp/hard\libc_nano.a(libc_a-puts.o)
                              ./Core/Src/lsm6dsl.o (puts)
C:/ST/STM32CubeIDE_1.17.0/STM32CubeIDE/plugins/com.st.stm32cube.ide.mcu.externaltools.gnu-tools-for-stm32.12.3.rel1.win32_1.1.0.202410251130/tools/bin/../lib/gcc/arm-none-eabi/12.3.1/../../../../arm-none-eabi/lib/thumb/v7e-m+fp/hard\libc_nano.a(libc_a-snprintf.o)
                              ./Core/Src/main.o (snprintf)
C:/ST/STM32CubeIDE_1.17.0/STM32CubeIDE/plugins/com.st.stm32cube.ide.mcu.externaltools.gnu-tools-for-stm32.12.3.rel1.win32_1.1.0.202410251130/tools/bin/../lib/gcc/arm-none-eabi/12.3.1/../../../../arm-none-eabi/lib/thumb/v7e-m+fp/hard\libc_nano.a(libc_a-stdio.o)
                              C:/ST/STM32CubeIDE_1.17.0/STM32CubeIDE/plugins/com.st.stm32cube.ide.mcu.externaltools.gnu-tools-for-stm32.12.3.rel1.win32_1.1.0.202410251130/tools/bin/../lib/gcc/arm-none-eabi/12.3.1/../../../../arm-none-eabi/lib/thumb/v7e-m+fp/hard\libc_nano.a(libc_a-findfp.o) (__sread)
C:/ST/STM32CubeIDE_1.17.0/STM32CubeIDE/plugins/com.st.stm32cube.ide.mcu.externaltools.gnu-tools-for-stm32.12.3.rel1.win32_1.1.0.202410251130/tools/bin/../lib/gcc/arm-none-eabi/12.3.1/../../../../arm-none-eabi/lib/thumb/v7e-m+fp/hard\libc_nano.a(libc_a-wbuf.o)
[...]
Memory Configuration

Name             Origin             Length             Attributes
RAM              0x20000000         0x00018000         xrw
RAM2             0x10000000         0x00008000         xrw
FLASH            0x08000000         0x00100000         xr
*default*        0x00000000         0xffffffff

Linker script and memory map

LOAD C:/ST/STM32CubeIDE_1.17.0/STM32CubeIDE/plugins/com.st.stm32cube.ide.mcu.externaltools.gnu-tools-for-stm32.12.3.rel1.win32_1.1.0.202410251130/tools/bin/../lib/gcc/arm-none-eabi/12.3.1/thumb/v7e-m+fp/hard/crti.o
LOAD C:/ST/STM32CubeIDE_1.17.0/STM32CubeIDE/plugins/com.st.stm32cube.ide.mcu.externaltools.gnu-tools-for-stm32.12.3.rel1.win32_1.1.0.202410251130/tools/bin/../lib/gcc/arm-none-eabi/12.3.1/thumb/v7e-m+fp/hard/crtbegin.o
LOAD C:/ST/STM32CubeIDE_1.17.0/STM32CubeIDE/plugins/com.st.stm32cube.ide.mcu.externaltools.gnu-tools-for-stm32.12.3.rel1.win32_1.1.0.202410251130/tools/bin/../lib/gcc/arm-none-eabi/12.3.1/../../../../arm-none-eabi/lib/thumb/v7e-m+fp/hard/crt0.o
LOAD ./Core/Src/ble.o
LOAD ./Core/Src/i2c.o
LOAD ./Core/Src/leds.o
LOAD ./Core/Src/lsm6dsl.o
LOAD ./Core/Src/main.o
LOAD ./Core/Src/stm32l4xx_hal_msp.o
LOAD ./Core/Src/stm32l4xx_it.o
LOAD ./Core/Src/syscalls.o
LOAD ./Core/Src/system_stm32l4xx.o
LOAD ./Core/Src/timer.o
LOAD ./Core/Startup/startup_stm32l475vgtx.o
LOAD ./Drivers/STM32L4xx_HAL_Driver/Src/stm32l4xx_hal.o
LOAD ./Drivers/STM32L4xx_HAL_Driver/Src/stm32l4xx_hal_cortex.o
LOAD ./Drivers/STM32L4xx_HAL_Driver/Src/stm32l4xx_hal_dma.o
LOAD ./Drivers/STM32L4xx_HAL_Driver/Src/stm32l4xx_hal_dma_ex.o
LOAD ./Drivers/STM32L4xx_HAL_Driver/Src/stm32l4xx_hal_exti.o
LOAD ./Drivers/STM32L4xx_HAL_Driver/Src/stm32l4xx_hal_flash.o
LOAD ./Drivers/STM32L4xx_HAL_Driver/Src/stm32l4xx_hal_flash_ex.o
LOAD ./Drivers/STM32L4xx_HAL_Driver/Src/stm32l4xx_hal_flash_ramfunc.o
LOAD ./Drivers/STM32L4xx_HAL_Driver/Src/stm32l4xx_hal_gpio.o
LOAD ./Drivers/STM32L4xx_HAL_Driver/Src/stm32l4xx_hal_i2c.o
LOAD ./Drivers/STM32L4xx_HAL_Driver/Src/stm32l4xx_hal_i2c_ex.o
LOAD ./Drivers/STM32L4xx_HAL_Driver/Src/stm32l4xx_hal_pwr.o
LOAD ./Drivers/STM32L4xx_HAL_Driver/Src/stm32l4xx_hal_pwr_ex.o
LOAD ./Drivers/STM32L4xx_HAL_Driver/Src/stm32l4xx_hal_rcc.o
LOAD ./Drivers/STM32L4xx_HAL_Driver/Src/stm32l4xx_hal_rcc_ex.o
LOAD ./Drivers/STM32L4xx_HAL_Driver/Src/stm32l4xx_hal_spi.o
LOAD ./Drivers/STM32L4xx_HAL_Driver/Src/stm32l4xx_hal_spi_ex.o
LOAD ./Drivers/STM32L4xx_HAL_Driver/Src/stm32l4xx_hal_tim.o
LOAD ./Drivers/STM32L4xx_HAL_Driver/Src/stm32l4xx_hal_tim_ex.o
START GROUP
LOAD C:/ST/STM32CubeIDE_1.17.0/STM32CubeIDE/plugins/com.st.stm32cube.ide.mcu.externaltools.gnu-tools-for-stm32.12.3.rel1.win32_1.1.0.202410251130/tools/bin/../lib/gcc/arm-none-eabi/12.3.1/../../../../arm-none-eabi/lib/thumb/v7e-m+fp/hard\libc_nano.a
LOAD C:/ST/STM32CubeIDE_1.17.0/STM32CubeIDE/plugins/com.st.stm32cube.ide.mcu.externaltools.gnu-tools-for-stm32.12.3.rel1.win32_1.1.0.202410251130/tools/bin/../lib/gcc/arm-none-eabi/12.3.1/../../../../arm-none-eabi/lib/thumb/v7e-m+fp/hard\libm.a
END GROUP
START GROUP
LOAD C:/ST/STM32CubeIDE_1.17.0/STM32CubeIDE/plugins/com.st.stm32cube.ide.mcu.externaltools.gnu-tools-for-stm32.12.3.rel1.win32_1.1.0.202410251130/tools/bin/../lib/gcc/arm-none-eabi/12.3.1/thumb/v7e-m+fp/hard\libgcc.a
LOAD C:/ST/STM32CubeIDE_1.17.0/STM32CubeIDE/plugins/com.st.stm32cube.ide.mcu.externaltools.gnu-tools-for-stm32.12.3.rel1.win32_1.1.0.202410251130/tools/bin/../lib/gcc/arm-none-eabi/12.3.1/../../../../arm-none-eabi/lib/thumb/v7e-m+fp/hard\libc_nano.a
END GROUP
START GROUP
LOAD C:/ST/STM32CubeIDE_1.17.0/STM32CubeIDE/plugins/com.st.stm32cube.ide.mcu.externaltools.gnu-tools-for-stm32.12.3.rel1.win32_1.1.0.202410251130/tools/bin/../lib/gcc/arm-none-eabi/12.3.1/thumb/v7e-m+fp/hard\libgcc.a
LOAD C:/ST/STM32CubeIDE_1.17.0/STM32CubeIDE/plugins/com.st.stm32cube.ide.mcu.externaltools.gnu-tools-for-stm32.12.3.rel1.win32_1.1.0.202410251130/tools/bin/../lib/gcc/arm-none-eabi/12.3.1/../../../../arm-none-eabi/lib/thumb/v7e-m+fp/hard\libc_nano.a
LOAD C:/ST/STM32CubeIDE_1.17.0/STM32CubeIDE/plugins/com.st.stm32cube.ide.mcu.externaltools.gnu-tools-for-stm32.12.3.rel1.win32_1.1.0.202410251130/tools/bin/../lib/gcc/arm-none-eabi/12.3.1/../../../../arm-none-eabi/lib/thumb/v7e-m+fp/hard\libnosys.a
END GROUP
START GROUP
LOAD C:/ST/STM32CubeIDE_1.17.0/STM32CubeIDE/plugins/com.st.stm32cube.ide.mcu.externaltools.gnu-tools-for-stm32.12.3.rel1.win32_1.1.0.202410251130/tools/bin/../lib/gcc/arm-none-eabi/12.3.1/thumb/v7e-m+fp/hard\libgcc.a
LOAD C:/ST/STM32CubeIDE_1.17.0/STM32CubeIDE/plugins/com.st.stm32cube.ide.mcu.externaltools.gnu-tools-for-stm32.12.3.rel1.win32_1.1.0.202410251130/tools/bin/../lib/gcc/arm-none-eabi/12.3.1/../../../../arm-none-eabi/lib/thumb/v7e-m+fp/hard\libc_nano.a
LOAD C:/ST/STM32CubeIDE_1.17.0/STM32CubeIDE/plugins/com.st.stm32cube.ide.mcu.externaltools.gnu-tools-for-stm32.12.3.rel1.win32_1.1.0.202410251130/tools/bin/../lib/gcc/arm-none-eabi/12.3.1/../../../../arm-none-eabi/lib/thumb/v7e-m+fp/hard\libnosys.a
END GROUP
LOAD C:/ST/STM32CubeIDE_1.17.0/STM32CubeIDE/plugins/com.st.stm32cube.ide.mcu.externaltools.gnu-tools-for-stm32.12.3.rel1.win32_1.1.0.202410251130/tools/bin/../lib/gcc/arm-none-eabi/12.3.1/thumb/v7e-m+fp/hard/crtend.o
LOAD C:/ST/STM32CubeIDE_1.17.0/STM32CubeIDE/plugins/com.st.stm32cube.ide.mcu.externaltools.gnu-tools-for-stm32.12.3.rel1.win32_1.1.0.202410251130/tools/bin/../lib/gcc/arm-none-eabi/12.3.1/thumb/v7e-m+fp/hard/crtn.o
                0x20018000                        _estack = (ORIGIN (RAM) + LENGTH (RAM))
                0x00000200                        _Min_Heap_Size = 0x200
                0x00000400                        _Min_Stack_Size = 0x400

.isr_vector     0x08000000      0x188
                0x08000000                        . = ALIGN (0x4)
 *(.isr_vector)
 .isr_vector    0x08000000      0x188 ./Core/Startup/startup_stm32l475vgtx.o
                0x08000000                g_pfnVectors
                0x08000188                        . = ALIGN (0x4)

.text           0x08000190     0x5454
                0x08000190                        . = ALIGN (0x4)
 *(.text)
 .text          0x08000190       0x40 C:/ST/STM32CubeIDE_1.17.0/STM32CubeIDE/plugins/com.st.stm32cube.ide.mcu.externaltools.gnu-tools-for-stm32.12.3.rel1.win32_1.1.0.202410251130/tools/bin/../lib/gcc/arm-none-eabi/12.3.1/thumb/v7e-m+fp/hard/crtbegin.o
 .text          0x080001d0       0x10 C:/ST/STM32CubeIDE_1.17.0/STM32CubeIDE/plugins/com.st.stm32cube.ide.mcu.externaltools.gnu-tools-for-stm32.12.3.rel1.win32_1.1.0.202410251130/tools/bin/../lib/gcc/arm-none-eabi/12.3.1/../../../../arm-none-eabi/lib/thumb/v7e-m+fp/hard\libc_nano.a(libc_a-strlen.o)
                0x080001d0                strlen
 .text          0x080001e0       0xa0 C:/ST/STM32CubeIDE_1.17.0/STM32CubeIDE/plugins/com.st.stm32cube.ide.mcu.externaltools.gnu-tools-for-stm32.12.3.rel1.win32_1.1.0.202410251130/tools/bin/../lib/gcc/arm-none-eabi/12.3.1/../../../../arm-none-eabi/lib/thumb/v7e-m+fp/hard\libc_nano.a(libc_a-memchr.o)
                0x080001e0                memchr
 .text          0x08000280      0x254 C:/ST/STM32CubeIDE_1.17.0/STM32CubeIDE/plugins/com.st.stm32cube.ide.mcu.externaltools.gnu-tools-for-stm32.12.3.rel1.win32_1.1.0.202410251130/tools/bin/../lib/gcc/arm-none-eabi/12.3.1/thumb/v7e-m+fp/hard\libgcc.a(_arm_muldf3.o)
                0x08000280                __muldf3
                0x08000280                __aeabi_dmul
 .text          0x080004d4      0x378 C:/ST/STM32CubeIDE_1.17.0/STM32CubeIDE/plugins/com.st.stm32cube.ide.mcu.externaltools.gnu-tools-for-stm32.12.3.rel1.win32_1.1.0.202410251130/tools/bin/../lib/gcc/arm-none-eabi/12.3.1/thumb/v7e-m+fp/hard\libgcc.a(_arm_addsubdf3.o)
                0x080004d4                __aeabi_drsub
                0x080004dc                __aeabi_dsub
                0x080004dc                __subdf3
                0x080004e0                __aeabi_dadd
                0x080004e0                __adddf3
                0x08000758                __floatunsidf
                0x08000758                __aeabi_ui2d
                0x08000778                __floatsidf
                0x08000778                __aeabi_i2d
                0x0800079c                __aeabi_f2d
                0x0800079c                __extendsfdf2
                0x080007e0                __floatundidf
                0x080007e0                __aeabi_ul2d
                0x080007f0                __floatdidf
                0x080007f0                __aeabi_l2d
 .text          0x0800084c       0x50 C:/ST/STM32CubeIDE_1.17.0/STM32CubeIDE/plugins/com.st.stm32cube.ide.mcu.externaltools.gnu-tools-for-stm32.12.3.rel1.win32_1.1.0.202410251130/tools/bin/../lib/gcc/arm-none-eabi/12.3.1/thumb/v7e-m+fp/hard\libgcc.a(_arm_fixdfsi.o)
                0x0800084c                __aeabi_d2iz
                0x0800084c                __fixdfsi
 *(.text*)
 .text.ble_init
                0x0800089c      0x234 ./Core/Src/ble.o
                0x0800089c                ble_init
 .text.standbyBle
                0x08000ad0       0x34 ./Core/Src/ble.o
                0x08000ad0                standbyBle
 .text.fetchBleEvent
                0x08000b04      0x114 ./Core/Src/ble.o
                0x08000b04                fetchBleEvent
 .text.checkEventResp
                0x08000c18       0x4c ./Core/Src/ble.o
                0x08000c18                checkEventResp
 .text.sendCommand
                0x08000c64       0x98 ./Core/Src/ble.o
                0x08000c64                sendCommand
 .text.catchBLE
                0x08000cfc       0x88 ./Core/Src/ble.o
                0x08000cfc                catchBLE
 .text.setConnectable
                0x08000d84      0x100 ./Core/Src/ble.o
                0x08000d84                setConnectable
 .text.BLE_command
                0x08000e84       0x98 ./Core/Src/ble.o
                0x08000e84                BLE_command
 .text.addService
                0x08000f1c       0x70 ./Core/Src/ble.o
                0x08000f1c                addService
 .text.addCharacteristic
                0x08000f8c       0x84 ./Core/Src/ble.o
                0x08000f8c                addCharacteristic
 .text.updateCharValue
                0x08001010       0xa8 ./Core/Src/ble.o
                0x08001010                updateCharValue
 .text.disconnectBLE
                0x080010b8       0xb0 ./Core/Src/ble.o
                0x080010b8                disconnectBLE
 .text.setDiscoverability
                0x08001168       0x4c ./Core/Src/ble.o
                0x08001168                setDiscoverability
 .text.i2c_init
                0x080011b4      0x1bc ./Core/Src/i2c.o
                0x080011b4                i2c_init
 .text.i2c_transaction
                0x08001370      0x264 ./Core/Src/i2c.o
                0x08001370                i2c_transaction
 .text.leds_init
                0x080015d4       0xd8 ./Core/Src/leds.o
                0x080015d4                leds_init
 .text.lsm6dsl_init
                0x080016ac       0xa8 ./Core/Src/lsm6dsl.o
                0x080016ac                lsm6dsl_init
 *fill*         0x08001754        0x4 
 .text.lsm6dsl_read_xyz
                0x08001758       0xe8 ./Core/Src/lsm6dsl.o
                0x08001758                lsm6dsl_read_xyz
 .text.main     0x08001840      0x25c ./Core/Src/main.o
                0x08001840                main
 .text.TIM2_IRQHandler
                0x08001a9c       0x60 ./Core/Src/main.o
                0x08001a9c                TIM2_IRQHandler
 .text.SystemClock_Config
                0x08001afc       0x8c ./Core/Src/main.o
                0x08001afc                SystemClock_Config
 .text.SystemClocks_Config
                0x08001b88       0xa0 ./Core/Src/main.o
                0x08001b88                SystemClocks_Config
 .text.MX_SPI3_Init
                0x08001c28       0x7c ./Core/Src/main.o
 .text.MX_GPIO_Init
                0x08001ca4      0x130 ./Core/Src/main.o
 .text.Error_Handler
                0x08001dd4        0xc ./Core/Src/main.o
                0x08001dd4                Error_Handler
 .text.HAL_MspInit
                0x08001de0       0x48 ./Core/Src/stm32l4xx_hal_msp.o
                0x08001de0                HAL_MspInit
 .text.HAL_SPI_MspInit
                0x08001e28       0x88 ./Core/Src/stm32l4xx_hal_msp.o
                0x08001e28                HAL_SPI_MspInit
 .text.NMI_Handler
                0x08001eb0        0x8 ./Core/Src/stm32l4xx_it.o
                0x08001eb0                NMI_Handler
 .text.HardFault_Handler
                0x08001eb8        0x8 ./Core/Src/stm32l4xx_it.o
                0x08001eb8                HardFault_Handler
 .text.MemManage_Handler
                0x08001ec0        0x8 ./Core/Src/stm32l4xx_it.o
                0x08001ec0                MemManage_Handler
 .text.BusFault_Handler
                0x08001ec8        0x8 ./Core/Src/stm32l4xx_it.o
                0x08001ec8                BusFault_Handler
 .text.UsageFault_Handler
                0x08001ed0        0x8 ./Core/Src/stm32l4xx_it.o
                0x08001ed0                UsageFault_Handler
 .text.SVC_Handler
                0x08001ed8        0xe ./Core/Src/stm32l4xx_it.o
                0x08001ed8                SVC_Handler
 .text.DebugMon_Handler
                0x08001ee6        0xe ./Core/Src/stm32l4xx_it.o
                0x08001ee6                DebugMon_Handler
 .text.PendSV_Handler
                0x08001ef4        0xe ./Core/Src/stm32l4xx_it.o
                0x08001ef4                PendSV_Handler
 .text.SysTick_Handler
                0x08001f02        0xc ./Core/Src/stm32l4xx_it.o
                0x08001f02                SysTick_Handler
 *fill*         0x08001f0e        0x2 
 .text.EXTI9_5_IRQHandler
                0x08001f10       0x18 ./Core/Src/stm32l4xx_it.o
                0x08001f10                EXTI9_5_IRQHandler
 .text._read    0x08001f28       0x3a ./Core/Src/syscalls.o
                0x08001f28                _read
 .text._write   0x08001f62       0x38 ./Core/Src/syscalls.o
                0x08001f62                _write
 *fill*         0x08001f9a        0x2 
 .text._sbrk    0x08001f9c       0x58 ./Core/Src/syscalls.o
                0x08001f9c                _sbrk
 .text._close   0x08001ff4       0x18 ./Core/Src/syscalls.o
                0x08001ff4                _close
 .text._fstat   0x0800200c       0x20 ./Core/Src/syscalls.o
                0x0800200c                _fstat
 .text._isatty  0x0800202c       0x16 ./Core/Src/syscalls.o
                0x0800202c                _isatty
 .text._lseek   0x08002042       0x1a ./Core/Src/syscalls.o
                0x08002042                _lseek
 .text.SystemInit
                0x0800205c       0x6c ./Core/Src/system_stm32l4xx.o
                0x0800205c                SystemInit
 .text.__NVIC_EnableIRQ
                0x080020c8       0x3c ./Core/Src/timer.o
 .text.__NVIC_SetPriority
                0x08002104       0x54 ./Core/Src/timer.o
 .text.timer_init
                0x08002158       0xb4 ./Core/Src/timer.o
                0x08002158                timer_init
 .text.timer_reset
                0x0800220c       0x1c ./Core/Src/timer.o
                0x0800220c                timer_reset
 .text.timer_set_ms
                0x08002228       0x24 ./Core/Src/timer.o
                0x08002228                timer_set_ms
 .text.Reset_Handler
                0x0800224c       0x50 ./Core/Startup/startup_stm32l475vgtx.o
                0x0800224c                Reset_Handler
 .text.Default_Handler
                0x0800229c        0x2 ./Core/Startup/startup_stm32l475vgtx.o
                0x0800229c                RTC_Alarm_IRQHandler
                0x0800229c                EXTI2_IRQHandler
                0x0800229c                TIM8_TRG_COM_IRQHandler
                0x0800229c                TIM8_CC_IRQHandler
                0x0800229c                TIM1_CC_IRQHandler
                0x0800229c                TSC_IRQHandler
                0x0800229c                TAMP_STAMP_IRQHandler
                0x0800229c                EXTI3_IRQHandler
                0x0800229c                LPTIM2_IRQHandler
                0x0800229c                DFSDM1_FLT1_IRQHandler
                0x0800229c                I2C3_ER_IRQHandler
                0x0800229c                DFSDM1_FLT2_IRQHandler
                0x0800229c                EXTI0_IRQHandler
                0x0800229c                I2C2_EV_IRQHandler
                0x0800229c                CAN1_RX0_IRQHandler
                0x0800229c                FPU_IRQHandler
                0x0800229c                TIM1_UP_TIM16_IRQHandler
                0x0800229c                ADC1_2_IRQHandler
                0x0800229c                SPI1_IRQHandler
                0x0800229c                TIM6_DAC_IRQHandler
                0x0800229c                TIM8_UP_IRQHandler
                0x0800229c                DMA2_Channel2_IRQHandler
                0x0800229c                DMA1_Channel4_IRQHandler
                0x0800229c                SAI2_IRQHandler
                0x0800229c                DFSDM1_FLT3_IRQHandler
                0x0800229c                USART3_IRQHandler
                0x0800229c                DMA1_Channel7_IRQHandler
                0x0800229c                CAN1_RX1_IRQHandler
                0x0800229c                UART5_IRQHandler
                0x0800229c                ADC3_IRQHandler
                0x0800229c                TIM4_IRQHandler
                0x0800229c                DMA2_Channel1_IRQHandler
                0x0800229c                QUADSPI_IRQHandler
                0x0800229c                I2C1_EV_IRQHandler
                0x0800229c                DMA1_Channel6_IRQHandler
                0x0800229c                UART4_IRQHandler
                0x0800229c                DMA2_Channel4_IRQHandler
                0x0800229c                TIM3_IRQHandler
                0x0800229c                RCC_IRQHandler
                0x0800229c                DMA1_Channel1_IRQHandler
                0x0800229c                Default_Handler
                0x0800229c                DMA2_Channel7_IRQHandler
                0x0800229c                EXTI15_10_IRQHandler
                0x0800229c                TIM7_IRQHandler
                0x0800229c                SDMMC1_IRQHandler
                0x0800229c                TIM5_IRQHandler
                0x0800229c                I2C3_EV_IRQHandler
                0x0800229c                RTC_WKUP_IRQHandler
                0x0800229c                PVD_PVM_IRQHandler
                0x0800229c                SPI2_IRQHandler
                0x0800229c                CAN1_TX_IRQHandler
                0x0800229c                DMA2_Channel5_IRQHandler
                0x0800229c                DMA1_Channel5_IRQHandler
                0x0800229c                EXTI4_IRQHandler
                0x0800229c                RNG_IRQHandler
                0x0800229c                TIM1_TRG_COM_TIM17_IRQHandler
                0x0800229c                DMA1_Channel3_IRQHandler
                0x0800229c                COMP_IRQHandler
                0x0800229c                WWDG_IRQHandler
                0x0800229c                LPUART1_IRQHandler
                0x0800229c                DMA2_Channel6_IRQHandler
                0x0800229c                EXTI1_IRQHandler
                0x0800229c                USART2_IRQHandler
                0x0800229c                DFSDM1_FLT0_IRQHandler
                0x0800229c                I2C2_ER_IRQHandler
                0x0800229c                DMA1_Channel2_IRQHandler
                0x0800229c                TIM8_BRK_IRQHandler
                0x0800229c                CAN1_SCE_IRQHandler
                0x0800229c                FLASH_IRQHandler
                0x0800229c                USART1_IRQHandler
                0x0800229c                OTG_FS_IRQHandler
                0x0800229c                SPI3_IRQHandler
                0x0800229c                I2C1_ER_IRQHandler
                0x0800229c                FMC_IRQHandler
                0x0800229c                SWPMI1_IRQHandler
                0x0800229c                LPTIM1_IRQHandler
                0x0800229c                SAI1_IRQHandler
                0x0800229c                DMA2_Channel3_IRQHandler
                0x0800229c                TIM1_BRK_TIM15_IRQHandler
 .text.HAL_Init
                0x0800229e       0x30 ./Drivers/STM32L4xx_HAL_Driver/Src/stm32l4xx_hal.o
                0x0800229e                HAL_Init
 *fill*         0x080022ce        0x2 
 .text.HAL_InitTick
                0x080022d0       0x78 ./Drivers/STM32L4xx_HAL_Driver/Src/stm32l4xx_hal.o
                0x080022d0                HAL_InitTick
 .text.HAL_IncTick
                0x08002348       0x28 ./Drivers/STM32L4xx_HAL_Driver/Src/stm32l4xx_hal.o
                0x08002348                HAL_IncTick
 .text.HAL_GetTick
                0x08002370       0x18 ./Drivers/STM32L4xx_HAL_Driver/Src/stm32l4xx_hal.o
                0x08002370                HAL_GetTick
 .text.HAL_Delay
                0x08002388       0x48 ./Drivers/STM32L4xx_HAL_Driver/Src/stm32l4xx_hal.o
                0x08002388                HAL_Delay
 .text.HAL_SuspendTick
                0x080023d0       0x20 ./Drivers/STM32L4xx_HAL_Driver/Src/stm32l4xx_hal.o
                0x080023d0                HAL_SuspendTick
 .text.HAL_ResumeTick
                0x080023f0       0x20 ./Drivers/STM32L4xx_HAL_Driver/Src/stm32l4xx_hal.o
                0x080023f0                HAL_ResumeTick
 .text.__NVIC_SetPriorityGrouping
                0x08002410       0x48 ./Drivers/STM32L4xx_HAL_Driver/Src/stm32l4xx_hal_cortex.o
 .text.__NVIC_GetPriorityGrouping
                0x08002458       0x1c ./Drivers/STM32L4xx_HAL_Driver/Src/stm32l4xx_hal_cortex.o
 .text.__NVIC_EnableIRQ
                0x08002474       0x3c ./Drivers/STM32L4xx_HAL_Driver/Src/stm32l4xx_hal_cortex.o
 .text.__NVIC_SetPriority
                0x080024b0       0x54 ./Drivers/STM32L4xx_HAL_Driver/Src/stm32l4xx_hal_cortex.o
 .text.NVIC_EncodePriority
                0x08002504       0x66 ./Drivers/STM32L4xx_HAL_Driver/Src/stm32l4xx_hal_cortex.o
 *fill*         0x0800256a        0x2 
 .text.SysTick_Config
                0x0800256c       0x44 ./Drivers/STM32L4xx_HAL_Driver/Src/stm32l4xx_hal_cortex.o
 .text.HAL_NVIC_SetPriorityGrouping
                0x080025b0       0x16 ./Drivers/STM32L4xx_HAL_Driver/Src/stm32l4xx_hal_cortex.o
                0x080025b0                HAL_NVIC_SetPriorityGrouping
 .text.HAL_NVIC_SetPriority
                0x080025c6       0x38 ./Drivers/STM32L4xx_HAL_Driver/Src/stm32l4xx_hal_cortex.o
                0x080025c6                HAL_NVIC_SetPriority
 .text.HAL_NVIC_EnableIRQ
                0x080025fe       0x1c ./Drivers/STM32L4xx_HAL_Driver/Src/stm32l4xx_hal_cortex.o
                0x080025fe                HAL_NVIC_EnableIRQ
 .text.HAL_SYSTICK_Config
                0x0800261a       0x18 ./Drivers/STM32L4xx_HAL_Driver/Src/stm32l4xx_hal_cortex.o
                0x0800261a                HAL_SYSTICK_Config
 *fill*         0x08002632        0x2 
 .text.HAL_GPIO_Init
                0x08002634      0x354 ./Drivers/STM32L4xx_HAL_Driver/Src/stm32l4xx_hal_gpio.o
                0x08002634                HAL_GPIO_Init
 .text.HAL_GPIO_ReadPin
                0x08002988       0x30 ./Drivers/STM32L4xx_HAL_Driver/Src/stm32l4xx_hal_gpio.o
                0x08002988                HAL_GPIO_ReadPin
 .text.HAL_GPIO_WritePin
                0x080029b8       0x30 ./Drivers/STM32L4xx_HAL_Driver/Src/stm32l4xx_hal_gpio.o
                0x080029b8                HAL_GPIO_WritePin
 .text.HAL_GPIO_EXTI_IRQHandler
                0x080029e8       0x30 ./Drivers/STM32L4xx_HAL_Driver/Src/stm32l4xx_hal_gpio.o
                0x080029e8                HAL_GPIO_EXTI_IRQHandler
 .text.HAL_GPIO_EXTI_Callback
                0x08002a18       0x16 ./Drivers/STM32L4xx_HAL_Driver/Src/stm32l4xx_hal_gpio.o
                0x08002a18                HAL_GPIO_EXTI_Callback
 *fill*         0x08002a2e        0x2 
 .text.HAL_PWR_EnterSLEEPMode
                0x08002a30       0x68 ./Drivers/STM32L4xx_HAL_Driver/Src/stm32l4xx_hal_pwr.o
                0x08002a30                HAL_PWR_EnterSLEEPMode
 .text.HAL_PWREx_GetVoltageRange
                0x08002a98       0x1c ./Drivers/STM32L4xx_HAL_Driver/Src/stm32l4xx_hal_pwr_ex.o
                0x08002a98                HAL_PWREx_GetVoltageRange
 .text.HAL_PWREx_ControlVoltageScaling
                0x08002ab4       0xac ./Drivers/STM32L4xx_HAL_Driver/Src/stm32l4xx_hal_pwr_ex.o
                0x08002ab4                HAL_PWREx_ControlVoltageScaling
 .text.HAL_PWREx_EnableLowPowerRunMode
                0x08002b60       0x20 ./Drivers/STM32L4xx_HAL_Driver/Src/stm32l4xx_hal_pwr_ex.o
                0x08002b60                HAL_PWREx_EnableLowPowerRunMode
 .text.HAL_PWREx_DisableLowPowerRunMode
                0x08002b80       0x70 ./Drivers/STM32L4xx_HAL_Driver/Src/stm32l4xx_hal_pwr_ex.o
                0x08002b80                HAL_PWREx_DisableLowPowerRunMode
 .text.HAL_RCC_OscConfig
                0x08002bf0      0x7b8 ./Drivers/STM32L4xx_HAL_Driver/Src/stm32l4xx_hal_rcc.o
                0x08002bf0                HAL_RCC_OscConfig
 .text.HAL_RCC_ClockConfig
                0x080033a8      0x200 ./Drivers/STM32L4xx_HAL_Driver/Src/stm32l4xx_hal_rcc.o
                0x080033a8                HAL_RCC_ClockConfig
 .text.HAL_RCC_GetSysClockFreq
                0x080035a8      0x118 ./Drivers/STM32L4xx_HAL_Driver/Src/stm32l4xx_hal_rcc.o
                0x080035a8                HAL_RCC_GetSysClockFreq
 .text.RCC_SetFlashLatencyFromMSIRange
                0x080036c0       0xc0 ./Drivers/STM32L4xx_HAL_Driver/Src/stm32l4xx_hal_rcc.o
 .text.HAL_SPI_Init
                0x08003780      0x146 ./Drivers/STM32L4xx_HAL_Driver/Src/stm32l4xx_hal_spi.o
                0x08003780                HAL_SPI_Init
 .text.HAL_SPI_Transmit
                0x080038c6      0x2ea ./Drivers/STM32L4xx_HAL_Driver/Src/stm32l4xx_hal_spi.o
                0x080038c6                HAL_SPI_Transmit
 .text.HAL_SPI_TransmitReceive
                0x08003bb0      0x444 ./Drivers/STM32L4xx_HAL_Driver/Src/stm32l4xx_hal_spi.o
                0x08003bb0                HAL_SPI_TransmitReceive
 .text.SPI_WaitFlagStateUntilTimeout
                0x08003ff4      0x110 ./Drivers/STM32L4xx_HAL_Driver/Src/stm32l4xx_hal_spi.o
 .text.SPI_WaitFifoStateUntilTimeout
                0x08004104      0x12c ./Drivers/STM32L4xx_HAL_Driver/Src/stm32l4xx_hal_spi.o
 .text.SPI_EndRxTxTransaction
                0x08004230       0x8c ./Drivers/STM32L4xx_HAL_Driver/Src/stm32l4xx_hal_spi.o
 .text.malloc   0x080042bc       0x10 C:/ST/STM32CubeIDE_1.17.0/STM32CubeIDE/plugins/com.st.stm32cube.ide.mcu.externaltools.gnu-tools-for-stm32.12.3.rel1.win32_1.1.0.202410251130/tools/bin/../lib/gcc/arm-none-eabi/12.3.1/../../../../arm-none-eabi/lib/thumb/v7e-m+fp/hard\libc_nano.a(libc_a-malloc.o)
                0x080042bc                malloc
 .text.free     0x080042cc       0x10 C:/ST/STM32CubeIDE_1.17.0/STM32CubeIDE/plugins/com.st.stm32cube.ide.mcu.externaltools.gnu-tools-for-stm32.12.3.rel1.win32_1.1.0.202410251130/tools/bin/../lib/gcc/arm-none-eabi/12.3.1/../../../../arm-none-eabi/lib/thumb/v7e-m+fp/hard\libc_nano.a(libc_a-malloc.o)
                0x080042cc                free
 .text.sbrk_aligned
                0x080042dc       0x44 C:/ST/STM32CubeIDE_1.17.0/STM32CubeIDE/plugins/com.st.stm32cube.ide.mcu.externaltools.gnu-tools-for-stm32.12.3.rel1.win32_1.1.0.202410251130/tools/bin/../lib/gcc/arm-none-eabi/12.3.1/../../../../arm-none-eabi/lib/thumb/v7e-m+fp/hard\libc_nano.a(libc_a-mallocr.o)
 .text._malloc_r
                0x08004320      0x100 C:/ST/STM32CubeIDE_1.17.0/STM32CubeIDE/plugins/com.st.stm32cube.ide.mcu.externaltools.gnu-tools-for-stm32.12.3.rel1.win32_1.1.0.202410251130/tools/bin/../lib/gcc/arm-none-eabi/12.3.1/../../../../arm-none-eabi/lib/thumb/v7e-m+fp/hard\libc_nano.a(libc_a-mallocr.o)
                0x08004320                _malloc_r
 .text.__malloc_lock
                0x08004420        0xc C:/ST/STM32CubeIDE_1.17.0/STM32CubeIDE/plugins/com.st.stm32cube.ide.mcu.externaltools.gnu-tools-for-stm32.12.3.rel1.win32_1.1.0.202410251130/tools/bin/../lib/gcc/arm-none-eabi/12.3.1/../../../../arm-none-eabi/lib/thumb/v7e-m+fp/hard\libc_nano.a(libc_a-mlock.o)
                0x08004420                __malloc_lock
 .text.__malloc_unlock
                0x0800442c        0xc C:/ST/STM32CubeIDE_1.17.0/STM32CubeIDE/plugins/com.st.stm32cube.ide.mcu.externaltools.gnu-tools-for-stm32.12.3.rel1.win32_1.1.0.202410251130/tools/bin/../lib/gcc/arm-none-eabi/12.3.1/../../../../arm-none-eabi/lib/thumb/v7e-m+fp/hard\libc_nano.a(libc_a-mlock.o)
                0x0800442c                __malloc_unlock
 .text.std      0x08004438       0x6c C:/ST/STM32CubeIDE_1.17.0/STM32CubeIDE/plugins/com.st.stm32cube.ide.mcu.externaltools.gnu-tools-for-stm32.12.3.rel1.win32_1.1.0.202410251130/tools/bin/../lib/gcc/arm-none-eabi/12.3.1/../../../../arm-none-eabi/lib/thumb/v7e-m+fp/hard\libc_nano.a(libc_a-findfp.o)
 .text.stdio_exit_handler
                0x080044a4       0x18 C:/ST/STM32CubeIDE_1.17.0/STM32CubeIDE/plugins/com.st.stm32cube.ide.mcu.externaltools.gnu-tools-for-stm32.12.3.rel1.win32_1.1.0.202410251130/tools/bin/../lib/gcc/arm-none-eabi/12.3.1/../../../../arm-none-eabi/lib/thumb/v7e-m+fp/hard\libc_nano.a(libc_a-findfp.o)
 .text.cleanup_stdio
                0x080044bc       0x40 C:/ST/STM32CubeIDE_1.17.0/STM32CubeIDE/plugins/com.st.stm32cube.ide.mcu.externaltools.gnu-tools-for-stm32.12.3.rel1.win32_1.1.0.202410251130/tools/bin/../lib/gcc/arm-none-eabi/12.3.1/../../../../arm-none-eabi/lib/thumb/v7e-m+fp/hard\libc_nano.a(libc_a-findfp.o)
 .text.global_stdio_init.part.0
                0x080044fc       0x3c C:/ST/STM32CubeIDE_1.17.0/STM32CubeIDE/plugins/com.st.stm32cube.ide.mcu.externaltools.gnu-tools-for-stm32.12.3.rel1.win32_1.1.0.202410251130/tools/bin/../lib/gcc/arm-none-eabi/12.3.1/../../../../arm-none-eabi/lib/thumb/v7e-m+fp/hard\libc_nano.a(libc_a-findfp.o)
 .text.__sfp_lock_acquire
                0x08004538        0xc C:/ST/STM32CubeIDE_1.17.0/STM32CubeIDE/plugins/com.st.stm32cube.ide.mcu.externaltools.gnu-tools-for-stm32.12.3.rel1.win32_1.1.0.202410251130/tools/bin/../lib/gcc/arm-none-eabi/12.3.1/../../../../arm-none-eabi/lib/thumb/v7e-m+fp/hard\libc_nano.a(libc_a-findfp.o)
                0x08004538                __sfp_lock_acquire
 .text.__sfp_lock_release
                0x08004544        0xc C:/ST/STM32CubeIDE_1.17.0/STM32CubeIDE/plugins/com.st.stm32cube.ide.mcu.externaltools.gnu-tools-for-stm32.12.3.rel1.win32_1.1.0.202410251130/tools/bin/../lib/gcc/arm-none-eabi/12.3.1/../../../../arm-none-eabi/lib/thumb/v7e-m+fp/hard\libc_nano.a(libc_a-findfp.o)
                0x08004544                __sfp_lock_release
 .text.__sinit  0x08004550       0x30 C:/ST/STM32CubeIDE_1.17.0/STM32CubeIDE/plugins/com.st.stm32cube.ide.mcu.externaltools.gnu-tools-for-stm32.12.3.rel1.win32_1.1.0.202410251130/tools/bin/../lib/gcc/arm-none-eabi/12.3.1/../../../../arm-none-eabi/lib/thumb/v7e-m+fp/hard\libc_nano.a(libc_a-findfp.o)
                0x08004550                __sinit
 .text._fwalk_sglue
                0x08004580       0x3c C:/ST/STM32CubeIDE_1.17.0/STM32CubeIDE/plugins/com.st.stm32cube.ide.mcu.externaltools.gnu-tools-for-stm32.12.3.rel1.win32_1.1.0.202410251130/tools/bin/../lib/gcc/arm-none-eabi/12.3.1/../../../../arm-none-eabi/lib/thumb/v7e-m+fp/hard\libc_nano.a(libc_a-fwalk.o)
                0x08004580                _fwalk_sglue
 .text.printf   0x080045bc       0x24 C:/ST/STM32CubeIDE_1.17.0/STM32CubeIDE/plugins/com.st.stm32cube.ide.mcu.externaltools.gnu-tools-for-stm32.12.3.rel1.win32_1.1.0.202410251130/tools/bin/../lib/gcc/arm-none-eabi/12.3.1/../../../../arm-none-eabi/lib/thumb/v7e-m+fp/hard\libc_nano.a(libc_a-printf.o)
                0x080045bc                iprintf
                0x080045bc                printf
 .text._puts_r  0x080045e0       0xaa C:/ST/STM32CubeIDE_1.17.0/STM32CubeIDE/plugins/com.st.stm32cube.ide.mcu.externaltools.gnu-tools-for-stm32.12.3.rel1.win32_1.1.0.202410251130/tools/bin/../lib/gcc/arm-none-eabi/12.3.1/../../../../arm-none-eabi/lib/thumb/v7e-m+fp/hard\libc_nano.a(libc_a-puts.o)
                0x080045e0                _puts_r
 *fill*         0x0800468a        0x2 
 .text.puts     0x0800468c       0x10 C:/ST/STM32CubeIDE_1.17.0/STM32CubeIDE/plugins/com.st.stm32cube.ide.mcu.externaltools.gnu-tools-for-stm32.12.3.rel1.win32_1.1.0.202410251130/tools/bin/../lib/gcc/arm-none-eabi/12.3.1/../../../../arm-none-eabi/lib/thumb/v7e-m+fp/hard\libc_nano.a(libc_a-puts.o)
                0x0800468c                puts
 .text.snprintf
                0x0800469c       0x68 C:/ST/STM32CubeIDE_1.17.0/STM32CubeIDE/plugins/com.st.stm32cube.ide.mcu.externaltools.gnu-tools-for-stm32.12.3.rel1.win32_1.1.0.202410251130/tools/bin/../lib/gcc/arm-none-eabi/12.3.1/../../../../arm-none-eabi/lib/thumb/v7e-m+fp/hard\libc_nano.a(libc_a-snprintf.o)
                0x0800469c                sniprintf
                0x0800469c                snprintf
 .text.__sread  0x08004704       0x22 C:/ST/STM32CubeIDE_1.17.0/STM32CubeIDE/plugins/com.st.stm32cube.ide.mcu.externaltools.gnu-tools-for-stm32.12.3.rel1.win32_1.1.0.202410251130/tools/bin/../lib/gcc/arm-none-eabi/12.3.1/../../../../arm-none-eabi/lib/thumb/v7e-m+fp/hard\libc_nano.a(libc_a-stdio.o)
                0x08004704                __sread
 .text.__swrite
                0x08004726       0x38 C:/ST/STM32CubeIDE_1.17.0/STM32CubeIDE/plugins/com.st.stm32cube.ide.mcu.externaltools.gnu-tools-for-stm32.12.3.rel1.win32_1.1.0.202410251130/tools/bin/../lib/gcc/arm-none-eabi/12.3.1/../../../../arm-none-eabi/lib/thumb/v7e-m+fp/hard\libc_nano.a(libc_a-stdio.o)
                0x08004726                __swrite
 .text.__sseek  0x0800475e       0x24 C:/ST/STM32CubeIDE_1.17.0/STM32CubeIDE/plugins/com.st.stm32cube.ide.mcu.externaltools.gnu-tools-for-stm32.12.3.rel1.win32_1.1.0.202410251130/tools/bin/../lib/gcc/arm-none-eabi/12.3.1/../../../../arm-none-eabi/lib/thumb/v7e-m+fp/hard\libc_nano.a(libc_a-stdio.o)
                0x0800475e                __sseek
 .text.__sclose
                0x08004782        0x8 C:/ST/STM32CubeIDE_1.17.0/STM32CubeIDE/plugins/com.st.stm32cube.ide.mcu.externaltools.gnu-tools-for-stm32.12.3.rel1.win32_1.1.0.202410251130/tools/bin/../lib/gcc/arm-none-eabi/12.3.1/../../../../arm-none-eabi/lib/thumb/v7e-m+fp/hard\libc_nano.a(libc_a-stdio.o)
                0x08004782                __sclose
 .text.__swbuf_r
                0x0800478a       0x7c C:/ST/STM32CubeIDE_1.17.0/STM32CubeIDE/plugins/com.st.stm32cube.ide.mcu.externaltools.gnu-tools-for-stm32.12.3.rel1.win32_1.1.0.202410251130/tools/bin/../lib/gcc/arm-none-eabi/12.3.1/../../../../arm-none-eabi/lib/thumb/v7e-m+fp/hard\libc_nano.a(libc_a-wbuf.o)
                0x0800478a                __swbuf_r
 *fill*         0x08004806        0x2 
 .text.__swsetup_r
                0x08004808       0xac C:/ST/STM32CubeIDE_1.17.0/STM32CubeIDE/plugins/com.st.stm32cube.ide.mcu.externaltools.gnu-tools-for-stm32.12.3.rel1.win32_1.1.0.202410251130/tools/bin/../lib/gcc/arm-none-eabi/12.3.1/../../../../arm-none-eabi/lib/thumb/v7e-m+fp/hard\libc_nano.a(libc_a-wsetup.o)
                0x08004808                __swsetup_r
 .text.memset   0x080048b4       0x10 C:/ST/STM32CubeIDE_1.17.0/STM32CubeIDE/plugins/com.st.stm32cube.ide.mcu.externaltools.gnu-tools-for-stm32.12.3.rel1.win32_1.1.0.202410251130/tools/bin/../lib/gcc/arm-none-eabi/12.3.1/../../../../arm-none-eabi/lib/thumb/v7e-m+fp/hard\libc_nano.a(libc_a-memset.o)
                0x080048b4                memset
 .text._close_r
                0x080048c4       0x20 C:/ST/STM32CubeIDE_1.17.0/STM32CubeIDE/plugins/com.st.stm32cube.ide.mcu.externaltools.gnu-tools-for-stm32.12.3.rel1.win32_1.1.0.202410251130/tools/bin/../lib/gcc/arm-none-eabi/12.3.1/../../../../arm-none-eabi/lib/thumb/v7e-m+fp/hard\libc_nano.a(libc_a-closer.o)
                0x080048c4                _close_r
 .text._lseek_r
                0x080048e4       0x24 C:/ST/STM32CubeIDE_1.17.0/STM32CubeIDE/plugins/com.st.stm32cube.ide.mcu.externaltools.gnu-tools-for-stm32.12.3.rel1.win32_1.1.0.202410251130/tools/bin/../lib/gcc/arm-none-eabi/12.3.1/../../../../arm-none-eabi/lib/thumb/v7e-m+fp/hard\libc_nano.a(libc_a-lseekr.o)
                0x080048e4                _lseek_r
 .text._read_r  0x08004908       0x24 C:/ST/STM32CubeIDE_1.17.0/STM32CubeIDE/plugins/com.st.stm32cube.ide.mcu.externaltools.gnu-tools-for-stm32.12.3.rel1.win32_1.1.0.202410251130/tools/bin/../lib/gcc/arm-none-eabi/12.3.1/../../../../arm-none-eabi/lib/thumb/v7e-m+fp/hard\libc_nano.a(libc_a-readr.o)
                0x08004908                _read_r
 .text._sbrk_r  0x0800492c       0x20 C:/ST/STM32CubeIDE_1.17.0/STM32CubeIDE/plugins/com.st.stm32cube.ide.mcu.externaltools.gnu-tools-for-stm32.12.3.rel1.win32_1.1.0.202410251130/tools/bin/../lib/gcc/arm-none-eabi/12.3.1/../../../../arm-none-eabi/lib/thumb/v7e-m+fp/hard\libc_nano.a(libc_a-sbrkr.o)
                0x0800492c                _sbrk_r
 .text._write_r
                0x0800494c       0x24 C:/ST/STM32CubeIDE_1.17.0/STM32CubeIDE/plugins/com.st.stm32cube.ide.mcu.externaltools.gnu-tools-for-stm32.12.3.rel1.win32_1.1.0.202410251130/tools/bin/../lib/gcc/arm-none-eabi/12.3.1/../../../../arm-none-eabi/lib/thumb/v7e-m+fp/hard\libc_nano.a(libc_a-writer.o)
                0x0800494c                _write_r
 .text.__errno  0x08004970        0xc C:/ST/STM32CubeIDE_1.17.0/STM32CubeIDE/plugins/com.st.stm32cube.ide.mcu.externaltools.gnu-tools-for-stm32.12.3.rel1.win32_1.1.0.202410251130/tools/bin/../lib/gcc/arm-none-eabi/12.3.1/../../../../arm-none-eabi/lib/thumb/v7e-m+fp/hard\libc_nano.a(libc_a-errno.o)
                0x08004970                __errno
 .text.__libc_init_array
                0x0800497c       0x48 C:/ST/STM32CubeIDE_1.17.0/STM32CubeIDE/plugins/com.st.stm32cube.ide.mcu.externaltools.gnu-tools-for-stm32.12.3.rel1.win32_1.1.0.202410251130/tools/bin/../lib/gcc/arm-none-eabi/12.3.1/../../../../arm-none-eabi/lib/thumb/v7e-m+fp/hard\libc_nano.a(libc_a-init.o)
                0x0800497c                __libc_init_array
 .text.__retarget_lock_init_recursive
                0x080049c4        0x2 C:/ST/STM32CubeIDE_1.17.0/STM32CubeIDE/plugins/com.st.stm32cube.ide.mcu.externaltools.gnu-tools-for-stm32.12.3.rel1.win32_1.1.0.202410251130/tools/bin/../lib/gcc/arm-none-eabi/12.3.1/../../../../arm-none-eabi/lib/thumb/v7e-m+fp/hard\libc_nano.a(libc_a-lock.o)
                0x080049c4                __retarget_lock_init_recursive
 .text.__retarget_lock_acquire_recursive
                0x080049c6        0x2 C:/ST/STM32CubeIDE_1.17.0/STM32CubeIDE/plugins/com.st.stm32cube.ide.mcu.externaltools.gnu-tools-for-stm32.12.3.rel1.win32_1.1.0.202410251130/tools/bin/../lib/gcc/arm-none-eabi/12.3.1/../../../../arm-none-eabi/lib/thumb/v7e-m+fp/hard\libc_nano.a(libc_a-lock.o)
                0x080049c6                __retarget_lock_acquire_recursive
 .text.__retarget_lock_release_recursive
                0x080049c8        0x2 C:/ST/STM32CubeIDE_1.17.0/STM32CubeIDE/plugins/com.st.stm32cube.ide.mcu.externaltools.gnu-tools-for-stm32.12.3.rel1.win32_1.1.0.202410251130/tools/bin/../lib/gcc/arm-none-eabi/12.3.1/../../../../arm-none-eabi/lib/thumb/v7e-m+fp/hard\libc_nano.a(libc_a-lock.o)
                0x080049c8                __retarget_lock_release_recursive
 .text.memcpy   0x080049ca       0x1c C:/ST/STM32CubeIDE_1.17.0/STM32CubeIDE/plugins/com.st.stm32cube.ide.mcu.externaltools.gnu-tools-for-stm32.12.3.rel1.win32_1.1.0.202410251130/tools/bin/../lib/gcc/arm-none-eabi/12.3.1/../../../../arm-none-eabi/lib/thumb/v7e-m+fp/hard\libc_nano.a(libc_a-memcpy-stub.o)
                0x080049ca                memcpy
 *fill*         0x080049e6        0x2 
 .text._free_r  0x080049e8       0x94 C:/ST/STM32CubeIDE_1.17.0/STM32CubeIDE/plugins/com.st.stm32cube.ide.mcu.externaltools.gnu-tools-for-stm32.12.3.rel1.win32_1.1.0.202410251130/tools/bin/../lib/gcc/arm-none-eabi/12.3.1/../../../../arm-none-eabi/lib/thumb/v7e-m+fp/hard\libc_nano.a(libc_a-freer.o)
                0x080049e8                _free_r
 .text.__ssputs_r
                0x08004a7c       0xb6 C:/ST/STM32CubeIDE_1.17.0/STM32CubeIDE/plugins/com.st.stm32cube.ide.mcu.externaltools.gnu-tools-for-stm32.12.3.rel1.win32_1.1.0.202410251130/tools/bin/../lib/gcc/arm-none-eabi/12.3.1/../../../../arm-none-eabi/lib/thumb/v7e-m+fp/hard\libc_nano.a(libc_a-nano-svfprintf.o)
                0x08004a7c                __ssputs_r
 *fill*         0x08004b32        0x2 
 .text._svfprintf_r
                0x08004b34      0x1f8 C:/ST/STM32CubeIDE_1.17.0/STM32CubeIDE/plugins/com.st.stm32cube.ide.mcu.externaltools.gnu-tools-for-stm32.12.3.rel1.win32_1.1.0.202410251130/tools/bin/../lib/gcc/arm-none-eabi/12.3.1/../../../../arm-none-eabi/lib/thumb/v7e-m+fp/hard\libc_nano.a(libc_a-nano-svfprintf.o)
                0x08004b34                _svfiprintf_r
                0x08004b34                _svfprintf_r
 .text.__sfputc_r
                0x08004d2c       0x2e C:/ST/STM32CubeIDE_1.17.0/STM32CubeIDE/plugins/com.st.stm32cube.ide.mcu.externaltools.gnu-tools-for-stm32.12.3.rel1.win32_1.1.0.202410251130/tools/bin/../lib/gcc/arm-none-eabi/12.3.1/../../../../arm-none-eabi/lib/thumb/v7e-m+fp/hard\libc_nano.a(libc_a-nano-vfprintf.o)
 .text.__sfputs_r
                0x08004d5a       0x24 C:/ST/STM32CubeIDE_1.17.0/STM32CubeIDE/plugins/com.st.stm32cube.ide.mcu.externaltools.gnu-tools-for-stm32.12.3.rel1.win32_1.1.0.202410251130/tools/bin/../lib/gcc/arm-none-eabi/12.3.1/../../../../arm-none-eabi/lib/thumb/v7e-m+fp/hard\libc_nano.a(libc_a-nano-vfprintf.o)
                0x08004d5a                __sfputs_r
 *fill*         0x08004d7e        0x2 
 .text._vfprintf_r
                0x08004d80      0x230 C:/ST/STM32CubeIDE_1.17.0/STM32CubeIDE/plugins/com.st.stm32cube.ide.mcu.externaltools.gnu-tools-for-stm32.12.3.rel1.win32_1.1.0.202410251130/tools/bin/../lib/gcc/arm-none-eabi/12.3.1/../../../../arm-none-eabi/lib/thumb/v7e-m+fp/hard\libc_nano.a(libc_a-nano-vfprintf.o)
                0x08004d80                _vfprintf_r
                0x08004d80                _vfiprintf_r
 .text._printf_common
                0x08004fb0       0xda C:/ST/STM32CubeIDE_1.17.0/STM32CubeIDE/plugins/com.st.stm32cube.ide.mcu.externaltools.gnu-tools-for-stm32.12.3.rel1.win32_1.1.0.202410251130/tools/bin/../lib/gcc/arm-none-eabi/12.3.1/../../../../arm-none-eabi/lib/thumb/v7e-m+fp/hard\libc_nano.a(libc_a-nano-vfprintf_i.o)
                0x08004fb0                _printf_common
 *fill*         0x0800508a        0x2 
 .text._printf_i
                0x0800508c      0x240 C:/ST/STM32CubeIDE_1.17.0/STM32CubeIDE/plugins/com.st.stm32cube.ide.mcu.externaltools.gnu-tools-for-stm32.12.3.rel1.win32_1.1.0.202410251130/tools/bin/../lib/gcc/arm-none-eabi/12.3.1/../../../../arm-none-eabi/lib/thumb/v7e-m+fp/hard\libc_nano.a(libc_a-nano-vfprintf_i.o)
                0x0800508c                _printf_i
 .text.__sflush_r
                0x080052cc      0x108 C:/ST/STM32CubeIDE_1.17.0/STM32CubeIDE/plugins/com.st.stm32cube.ide.mcu.externaltools.gnu-tools-for-stm32.12.3.rel1.win32_1.1.0.202410251130/tools/bin/../lib/gcc/arm-none-eabi/12.3.1/../../../../arm-none-eabi/lib/thumb/v7e-m+fp/hard\libc_nano.a(libc_a-fflush.o)
                0x080052cc                __sflush_r
 .text._fflush_r
                0x080053d4       0x50 C:/ST/STM32CubeIDE_1.17.0/STM32CubeIDE/plugins/com.st.stm32cube.ide.mcu.externaltools.gnu-tools-for-stm32.12.3.rel1.win32_1.1.0.202410251130/tools/bin/../lib/gcc/arm-none-eabi/12.3.1/../../../../arm-none-eabi/lib/thumb/v7e-m+fp/hard\libc_nano.a(libc_a-fflush.o)
                0x080053d4                _fflush_r
 .text.__swhatbuf_r
                0x08005424       0x4c C:/ST/STM32CubeIDE_1.17.0/STM32CubeIDE/plugins/com.st.stm32cube.ide.mcu.externaltools.gnu-tools-for-stm32.12.3.rel1.win32_1.1.0.202410251130/tools/bin/../lib/gcc/arm-none-eabi/12.3.1/../../../../arm-none-eabi/lib/thumb/v7e-m+fp/hard\libc_nano.a(libc_a-makebuf.o)
                0x08005424                __swhatbuf_r
 .text.__smakebuf_r
                0x08005470       0x78 C:/ST/STM32CubeIDE_1.17.0/STM32CubeIDE/plugins/com.st.stm32cube.ide.mcu.externaltools.gnu-tools-for-stm32.12.3.rel1.win32_1.1.0.202410251130/tools/bin/../lib/gcc/arm-none-eabi/12.3.1/../../../../arm-none-eabi/lib/thumb/v7e-m+fp/hard\libc_nano.a(libc_a-makebuf.o)
                0x08005470                __smakebuf_r
 .text.memmove  0x080054e8       0x34 C:/ST/STM32CubeIDE_1.17.0/STM32CubeIDE/plugins/com.st.stm32cube.ide.mcu.externaltools.gnu-tools-for-stm32.12.3.rel1.win32_1.1.0.202410251130/tools/bin/../lib/gcc/arm-none-eabi/12.3.1/../../../../arm-none-eabi/lib/thumb/v7e-m+fp/hard\libc_nano.a(libc_a-memmove.o)
                0x080054e8                memmove
 .text._fstat_r
                0x0800551c       0x24 C:/ST/STM32CubeIDE_1.17.0/STM32CubeIDE/plugins/com.st.stm32cube.ide.mcu.externaltools.gnu-tools-for-stm32.12.3.rel1.win32_1.1.0.202410251130/tools/bin/../lib/gcc/arm-none-eabi/12.3.1/../../../../arm-none-eabi/lib/thumb/v7e-m+fp/hard\libc_nano.a(libc_a-fstatr.o)
                0x0800551c                _fstat_r
 .text._isatty_r
                0x08005540       0x20 C:/ST/STM32CubeIDE_1.17.0/STM32CubeIDE/plugins/com.st.stm32cube.ide.mcu.externaltools.gnu-tools-for-stm32.12.3.rel1.win32_1.1.0.202410251130/tools/bin/../lib/gcc/arm-none-eabi/12.3.1/../../../../arm-none-eabi/lib/thumb/v7e-m+fp/hard\libc_nano.a(libc_a-isattyr.o)
                0x08005540                _isatty_r
 .text._realloc_r
                0x08005560       0x5c C:/ST/STM32CubeIDE_1.17.0/STM32CubeIDE/plugins/com.st.stm32cube.ide.mcu.externaltools.gnu-tools-for-stm32.12.3.rel1.win32_1.1.0.202410251130/tools/bin/../lib/gcc/arm-none-eabi/12.3.1/../../../../arm-none-eabi/lib/thumb/v7e-m+fp/hard\libc_nano.a(libc_a-reallocr.o)
                0x08005560                _realloc_r
 .text._malloc_usable_size_r
                0x080055bc       0x10 C:/ST/STM32CubeIDE_1.17.0/STM32CubeIDE/plugins/com.st.stm32cube.ide.mcu.externaltools.gnu-tools-for-stm32.12.3.rel1.win32_1.1.0.202410251130/tools/bin/../lib/gcc/arm-none-eabi/12.3.1/../../../../arm-none-eabi/lib/thumb/v7e-m+fp/hard\libc_nano.a(libc_a-msizer.o)
                0x080055bc                _malloc_usable_size_r
 *(.glue_7)
 .glue_7        0x080055cc        0x0 linker stubs
 *(.glue_7t)
 .glue_7t       0x080055cc        0x0 linker stubs
 *(.eh_frame)
 .eh_frame      0x080055cc        0x0 C:/ST/STM32CubeIDE_1.17.0/STM32CubeIDE/plugins/com.st.stm32cube.ide.mcu.externaltools.gnu-tools-for-stm32.12.3.rel1.win32_1.1.0.202410251130/tools/bin/../lib/gcc/arm-none-eabi/12.3.1/thumb/v7e-m+fp/hard/crtbegin.o
 *(.init)
 .init          0x080055cc        0x4 C:/ST/STM32CubeIDE_1.17.0/STM32CubeIDE/plugins/com.st.stm32cube.ide.mcu.externaltools.gnu-tools-for-stm32.12.3.rel1.win32_1.1.0.202410251130/tools/bin/../lib/gcc/arm-none-eabi/12.3.1/thumb/v7e-m+fp/hard/crti.o
                0x080055cc                _init
 .init          0x080055d0        0x8 C:/ST/STM32CubeIDE_1.17.0/STM32CubeIDE/plugins/com.st.stm32cube.ide.mcu.externaltools.gnu-tools-for-stm32.12.3.rel1.win32_1.1.0.202410251130/tools/bin/../lib/gcc/arm-none-eabi/12.3.1/thumb/v7e-m+fp/hard/crtn.o
 *(.fini)
 .fini          0x080055d8        0x4 C:/ST/STM32CubeIDE_1.17.0/STM32CubeIDE/plugins/com.st.stm32cube.ide.mcu.externaltools.gnu-tools-for-stm32.12.3.rel1.win32_1.1.0.202410251130/tools/bin/../lib/gcc/arm-none-eabi/12.3.1/thumb/v7e-m+fp/hard/crti.o
                0x080055d8                _fini
 .fini          0x080055dc        0x8 C:/ST/STM32CubeIDE_1.17.0/STM32CubeIDE/plugins/com.st.stm32cube.ide.mcu.externaltools.gnu-tools-for-stm32.12.3.rel1.win32_1.1.0.202410251130/tools/bin/../lib/gcc/arm-none-eabi/12.3.1/thumb/v7e-m+fp/hard/crtn.o
                0x080055e4                        . = ALIGN (0x4)
                0x080055e4                        _etext = .

.vfp11_veneer   0x080055e4        0x0
 .vfp11_veneer  0x080055e4        0x0 linker stubs

.v4_bx          0x080055e4        0x0
 .v4_bx         0x080055e4        0x0 linker stubs

.iplt           0x080055e4        0x0
 .iplt          0x080055e4        0x0 C:/ST/STM32CubeIDE_1.17.0/STM32CubeIDE/plugins/com.st.stm32cube.ide.mcu.externaltools.gnu-tools-for-stm32.12.3.rel1.win32_1.1.0.202410251130/tools/bin/../lib/gcc/arm-none-eabi/12.3.1/thumb/v7e-m+fp/hard/crtbegin.o

.rodata         0x080055e4       0xd4
                0x080055e4                        . = ALIGN (0x4)
 *(.rodata)
 .rodata        0x080055e4        0xd ./Core/Src/ble.o
 *fill*         0x080055f1        0x3 
 .rodata        0x080055f4       0x40 ./Core/Src/lsm6dsl.o
 .rodata        0x08005634       0x10 ./Core/Src/main.o
 *(.rodata*)
 .rodata.AHBPrescTable
                0x08005644       0x10 ./Core/Src/system_stm32l4xx.o
                0x08005644                AHBPrescTable
 .rodata.MSIRangeTable
                0x08005654       0x30 ./Core/Src/system_stm32l4xx.o
                0x08005654                MSIRangeTable
 .rodata._svfprintf_r.str1.1
                0x08005684       0x11 C:/ST/STM32CubeIDE_1.17.0/STM32CubeIDE/plugins/com.st.stm32cube.ide.mcu.externaltools.gnu-tools-for-stm32.12.3.rel1.win32_1.1.0.202410251130/tools/bin/../lib/gcc/arm-none-eabi/12.3.1/../../../../arm-none-eabi/lib/thumb/v7e-m+fp/hard\libc_nano.a(libc_a-nano-svfprintf.o)
 .rodata._vfprintf_r.str1.1
                0x08005695       0x11 C:/ST/STM32CubeIDE_1.17.0/STM32CubeIDE/plugins/com.st.stm32cube.ide.mcu.externaltools.gnu-tools-for-stm32.12.3.rel1.win32_1.1.0.202410251130/tools/bin/../lib/gcc/arm-none-eabi/12.3.1/../../../../arm-none-eabi/lib/thumb/v7e-m+fp/hard\libc_nano.a(libc_a-nano-vfprintf.o)
 .rodata._printf_i.str1.1
                0x08005695       0x22 C:/ST/STM32CubeIDE_1.17.0/STM32CubeIDE/plugins/com.st.stm32cube.ide.mcu.externaltools.gnu-tools-for-stm32.12.3.rel1.win32_1.1.0.202410251130/tools/bin/../lib/gcc/arm-none-eabi/12.3.1/../../../../arm-none-eabi/lib/thumb/v7e-m+fp/hard\libc_nano.a(libc_a-nano-vfprintf_i.o)
                0x080056b8                        . = ALIGN (0x4)
 *fill*         0x080056b7        0x1 

.ARM.extab      0x080056b8        0x0
                0x080056b8                        . = ALIGN (0x4)
 *(.ARM.extab* .gnu.linkonce.armextab.*)
                0x080056b8                        . = ALIGN (0x4)

.ARM            0x080056b8        0x8
                0x080056b8                        . = ALIGN (0x4)
                0x080056b8                        __exidx_start = .
 *(.ARM.exidx*)
 .ARM.exidx     0x080056b8        0x8 C:/ST/STM32CubeIDE_1.17.0/STM32CubeIDE/plugins/com.st.stm32cube.ide.mcu.externaltools.gnu-tools-for-stm32.12.3.rel1.win32_1.1.0.202410251130/tools/bin/../lib/gcc/arm-none-eabi/12.3.1/../../../../arm-none-eabi/lib/thumb/v7e-m+fp/hard\libc_nano.a(libc_a-strlen.o)
 .ARM.exidx     0x080056c0        0x0 C:/ST/STM32CubeIDE_1.17.0/STM32CubeIDE/plugins/com.st.stm32cube.ide.mcu.externaltools.gnu-tools-for-stm32.12.3.rel1.win32_1.1.0.202410251130/tools/bin/../lib/gcc/arm-none-eabi/12.3.1/../../../../arm-none-eabi/lib/thumb/v7e-m+fp/hard\libc_nano.a(libc_a-memchr.o)
                                  0x8 (size before relaxing)
                0x080056c0                        __exidx_end = .
                0x080056c0                        . = ALIGN (0x4)

.rel.dyn        0x080056c0        0x0
 .rel.iplt      0x080056c0        0x0 C:/ST/STM32CubeIDE_1.17.0/STM32CubeIDE/plugins/com.st.stm32cube.ide.mcu.externaltools.gnu-tools-for-stm32.12.3.rel1.win32_1.1.0.202410251130/tools/bin/../lib/gcc/arm-none-eabi/12.3.1/thumb/v7e-m+fp/hard/crtbegin.o

.preinit_array  0x080056c0        0x0
                0x080056c0                        . = ALIGN (0x4)
                0x080056c0                        PROVIDE (__preinit_array_start = .)
 *(.preinit_array*)
                0x080056c0                        PROVIDE (__preinit_array_end = .)
                0x080056c0                        . = ALIGN (0x4)

.init_array     0x080056c0        0x4
                0x080056c0                        . = ALIGN (0x4)
                0x080056c0                        PROVIDE (__init_array_start = .)
 *(SORT_BY_NAME(.init_array.*))
 *(.init_array*)
 .init_array    0x080056c0        0x4 C:/ST/STM32CubeIDE_1.17.0/STM32CubeIDE/plugins/com.st.stm32cube.ide.mcu.externaltools.gnu-tools-for-stm32.12.3.rel1.win32_1.1.0.202410251130/tools/bin/../lib/gcc/arm-none-eabi/12.3.1/thumb/v7e-m+fp/hard/crtbegin.o
                0x080056c4                        PROVIDE (__init_array_end = .)
                0x080056c4                        . = ALIGN (0x4)

.fini_array     0x080056c4        0x4
                0x080056c4                        . = ALIGN (0x4)
                [!provide]                        PROVIDE (__fini_array_start = .)
 *(SORT_BY_NAME(.fini_array.*))
 *(.fini_array*)
 .fini_array    0x080056c4        0x4 C:/ST/STM32CubeIDE_1.17.0/STM32CubeIDE/plugins/com.st.stm32cube.ide.mcu.externaltools.gnu-tools-for-stm32.12.3.rel1.win32_1.1.0.202410251130/tools/bin/../lib/gcc/arm-none-eabi/12.3.1/thumb/v7e-m+fp/hard/crtbegin.o
                [!provide]                        PROVIDE (__fini_array_end = .)
                0x080056c8                        . = ALIGN (0x4)
                0x080056c8                        _sidata = LOADADDR (.data)

.data           0x20000000      0x1cc load address 0x080056c8
                0x20000000                        . = ALIGN (0x4)
                0x20000000                        _sdata = .
 *(.data)
 *(.data*)
 .data.EVENT_STATUP_DATA
                0x20000000        0x6 ./Core/Src/ble.o
                0x20000000                EVENT_STATUP_DATA
 *fill*         0x20000006        0x2 
 .data.ACI_GATT_INIT
                0x20000008        0x4 ./Core/Src/ble.o
                0x20000008                ACI_GATT_INIT
 .data.ACI_GATT_INIT_COMPLETE
                0x2000000c        0x7 ./Core/Src/ble.o
                0x2000000c                ACI_GATT_INIT_COMPLETE
 *fill*         0x20000013        0x1 
 .data.ACI_GAP_INIT
                0x20000014        0x7 ./Core/Src/ble.o
                0x20000014                ACI_GAP_INIT
 *fill*         0x2000001b        0x1 
 .data.ACI_GAP_INIT_COMPLETE
                0x2000001c        0x7 ./Core/Src/ble.o
                0x2000001c                ACI_GAP_INIT_COMPLETE
 *fill*         0x20000023        0x1 
 .data.ACI_GAP_SET_AUTH
                0x20000024       0x10 ./Core/Src/ble.o
                0x20000024                ACI_GAP_SET_AUTH
 .data.ACI_GAP_SET_AUTH_RESP
                0x20000034        0x7 ./Core/Src/ble.o
                0x20000034                ACI_GAP_SET_AUTH_RESP
 *fill*         0x2000003b        0x1 
 .data.ACI_HAL_SET_TX_POWER_LEVEL
                0x2000003c        0x6 ./Core/Src/ble.o
                0x2000003c                ACI_HAL_SET_TX_POWER_LEVEL
 *fill*         0x20000042        0x2 
 .data.ACI_HAL_SET_TX_POWER_LEVEL_COMPLETE
                0x20000044        0x7 ./Core/Src/ble.o
                0x20000044                ACI_HAL_SET_TX_POWER_LEVEL_COMPLETE
 *fill*         0x2000004b        0x1 
 .data.ACI_HAL_SET_STANDBY
                0x2000004c        0x4 ./Core/Src/ble.o
                0x2000004c                ACI_HAL_SET_STANDBY
 .data.ACI_HAL_SET_STANDBY_COMPLETE
                0x20000050        0x7 ./Core/Src/ble.o
                0x20000050                ACI_HAL_SET_STANDBY_COMPLETE
 *fill*         0x20000057        0x1 
 .data.HCI_LE_SET_SCAN_RESPONSE_DATA
                0x20000058       0x24 ./Core/Src/ble.o
                0x20000058                HCI_LE_SET_SCAN_RESPONSE_DATA
 .data.HCI_LE_SET_SCAN_RESPONSE_DATA_COMPLETE
                0x2000007c        0x7 ./Core/Src/ble.o
                0x2000007c                HCI_LE_SET_SCAN_RESPONSE_DATA_COMPLETE
 *fill*         0x20000083        0x1 
 .data.ACI_GAP_SET_DISCOVERABLE
                0x20000084        0xd ./Core/Src/ble.o
                0x20000084                ACI_GAP_SET_DISCOVERABLE
 *fill*         0x20000091        0x3 
 .data.ACI_GAP_SET_DISCOVERABLE_COMPLETE
                0x20000094        0x7 ./Core/Src/ble.o
                0x20000094                ACI_GAP_SET_DISCOVERABLE_COMPLETE
 *fill*         0x2000009b        0x1 
 .data.ADD_PRIMARY_SERVICE
                0x2000009c       0x17 ./Core/Src/ble.o
                0x2000009c                ADD_PRIMARY_SERVICE
 *fill*         0x200000b3        0x1 
 .data.ADD_PRIMARY_SERVICE_COMPLETE
                0x200000b4        0x7 ./Core/Src/ble.o
                0x200000b4                ADD_PRIMARY_SERVICE_COMPLETE
 *fill*         0x200000bb        0x1 
 .data.ADD_CUSTOM_CHAR
                0x200000bc       0x1e ./Core/Src/ble.o
                0x200000bc                ADD_CUSTOM_CHAR
 *fill*         0x200000da        0x2 
 .data.ADD_CUSTOM_CHAR_COMPLETE
                0x200000dc        0x7 ./Core/Src/ble.o
                0x200000dc                ADD_CUSTOM_CHAR_COMPLETE
 *fill*         0x200000e3        0x1 
 .data.UPDATE_CHAR
                0x200000e4        0xf ./Core/Src/ble.o
                0x200000e4                UPDATE_CHAR
 *fill*         0x200000f3        0x1 
 .data.DISCONNECT
                0x200000f4        0x7 ./Core/Src/ble.o
                0x200000f4                DISCONNECT
 *fill*         0x200000fb        0x1 
 .data.EVENT_DISCONNECTED
                0x200000fc        0x4 ./Core/Src/ble.o
                0x200000fc                EVENT_DISCONNECTED
 .data.EVENT_DISCONNECT_PENDING
                0x20000100        0x7 ./Core/Src/ble.o
                0x20000100                EVENT_DISCONNECT_PENDING
 *fill*         0x20000107        0x1 
 .data.EVENT_CONNECTED
                0x20000108        0x5 ./Core/Src/ble.o
                0x20000108                EVENT_CONNECTED
 *fill*         0x2000010d        0x3 
 .data.EVENT_GATT_CHANGED
                0x20000110        0x5 ./Core/Src/ble.o
                0x20000110                EVENT_GATT_CHANGED
 *fill*         0x20000115        0x3 
 .data.ACI_GAP_SET_NON_DISCOVERABLE
                0x20000118        0x4 ./Core/Src/ble.o
                0x20000118                ACI_GAP_SET_NON_DISCOVERABLE
 .data.ACI_GAP_SET_NON_DISCOVERABLE_COMPLETE
                0x2000011c        0x7 ./Core/Src/ble.o
                0x2000011c                ACI_GAP_SET_NON_DISCOVERABLE_COMPLETE
 *fill*         0x20000123        0x1 
 .data.deviceName
                0x20000124        0x7 ./Core/Src/ble.o
                0x20000124                deviceName
 *fill*         0x2000012b        0x1 
 .data.UUID_NORDIC_UART_SERVICE
                0x2000012c       0x10 ./Core/Src/ble.o
                0x2000012c                UUID_NORDIC_UART_SERVICE
 .data.UUID_CHAR_WRITE
                0x2000013c       0x10 ./Core/Src/ble.o
                0x2000013c                UUID_CHAR_WRITE
 .data.UUID_CHAR_READ
                0x2000014c       0x10 ./Core/Src/ble.o
                0x2000014c                UUID_CHAR_READ
 .data.connectionHandler
                0x2000015c        0x4 ./Core/Src/ble.o
                0x2000015c                connectionHandler
 .data.who_am_i
                0x20000160        0x1 ./Core/Src/lsm6dsl.o
                0x20000160                who_am_i
 *fill*         0x20000161        0x3 
 .data.SystemCoreClock
                0x20000164        0x4 ./Core/Src/system_stm32l4xx.o
                0x20000164                SystemCoreClock
 .data.uwTickPrio
                0x20000168        0x4 ./Drivers/STM32L4xx_HAL_Driver/Src/stm32l4xx_hal.o
                0x20000168                uwTickPrio
 .data.uwTickFreq
                0x2000016c        0x1 ./Drivers/STM32L4xx_HAL_Driver/Src/stm32l4xx_hal.o
                0x2000016c                uwTickFreq
 *fill*         0x2000016d        0x3 
 .data.__sglue  0x20000170        0xc C:/ST/STM32CubeIDE_1.17.0/STM32CubeIDE/plugins/com.st.stm32cube.ide.mcu.externaltools.gnu-tools-for-stm32.12.3.rel1.win32_1.1.0.202410251130/tools/bin/../lib/gcc/arm-none-eabi/12.3.1/../../../../arm-none-eabi/lib/thumb/v7e-m+fp/hard\libc_nano.a(libc_a-findfp.o)
                0x20000170                __sglue
 .data._impure_ptr
                0x2000017c        0x4 C:/ST/STM32CubeIDE_1.17.0/STM32CubeIDE/plugins/com.st.stm32cube.ide.mcu.externaltools.gnu-tools-for-stm32.12.3.rel1.win32_1.1.0.202410251130/tools/bin/../lib/gcc/arm-none-eabi/12.3.1/../../../../arm-none-eabi/lib/thumb/v7e-m+fp/hard\libc_nano.a(libc_a-impure.o)
                0x2000017c                _impure_ptr
 .data._impure_data
                0x20000180       0x4c C:/ST/STM32CubeIDE_1.17.0/STM32CubeIDE/plugins/com.st.stm32cube.ide.mcu.externaltools.gnu-tools-for-stm32.12.3.rel1.win32_1.1.0.202410251130/tools/bin/../lib/gcc/arm-none-eabi/12.3.1/../../../../arm-none-eabi/lib/thumb/v7e-m+fp/hard\libc_nano.a(libc_a-impure.o)
                0x20000180                _impure_data
 *(.RamFunc)
 *(.RamFunc*)
                0x200001cc                        . = ALIGN (0x4)
                0x200001cc                        _edata = .

.igot.plt       0x200001cc        0x0 load address 0x08005894
 .igot.plt      0x200001cc        0x0 C:/ST/STM32CubeIDE_1.17.0/STM32CubeIDE/plugins/com.st.stm32cube.ide.mcu.externaltools.gnu-tools-for-stm32.12.3.rel1.win32_1.1.0.202410251130/tools/bin/../lib/gcc/arm-none-eabi/12.3.1/thumb/v7e-m+fp/hard/crtbegin.o
                0x200001cc                        . = ALIGN (0x4)

.bss            0x200001cc      0x300 load address 0x08005894
                0x200001cc                        _sbss = .
                0x200001cc                        __bss_start__ = _sbss
 *(.bss)
 .bss           0x200001cc       0x1c C:/ST/STM32CubeIDE_1.17.0/STM32CubeIDE/plugins/com.st.stm32cube.ide.mcu.externaltools.gnu-tools-for-stm32.12.3.rel1.win32_1.1.0.202410251130/tools/bin/../lib/gcc/arm-none-eabi/12.3.1/thumb/v7e-m+fp/hard/crtbegin.o
 *(.bss*)
 .bss.GAP_SERVICE_HANDLE
                0x200001e8        0x2 ./Core/Src/ble.o
                0x200001e8                GAP_SERVICE_HANDLE
 *fill*         0x200001ea        0x2 
 .bss.GAP_CHAR_NAME_HANDLE
                0x200001ec        0x2 ./Core/Src/ble.o
                0x200001ec                GAP_CHAR_NAME_HANDLE
 *fill*         0x200001ee        0x2 
 .bss.GAP_CHAR_APP_HANDLE
                0x200001f0        0x2 ./Core/Src/ble.o
                0x200001f0                GAP_CHAR_APP_HANDLE
 *fill*         0x200001f2        0x2 
 .bss.buffer    0x200001f4       0xff ./Core/Src/ble.o
                0x200001f4                buffer
 *fill*         0x200002f3        0x1 
 .bss.NORDIC_UART_SERVICE_HANDLE
                0x200002f4        0x2 ./Core/Src/ble.o
                0x200002f4                NORDIC_UART_SERVICE_HANDLE
 *fill*         0x200002f6        0x2 
 .bss.WRITE_CHAR_HANDLE
                0x200002f8        0x2 ./Core/Src/ble.o
                0x200002f8                WRITE_CHAR_HANDLE
 *fill*         0x200002fa        0x2 
 .bss.READ_CHAR_HANDLE
                0x200002fc        0x2 ./Core/Src/ble.o
                0x200002fc                READ_CHAR_HANDLE
 .bss.stackInitCompleteFlag
                0x200002fe        0x2 ./Core/Src/ble.o
                0x200002fe                stackInitCompleteFlag
 .bss.rxEvent   0x20000300        0x4 ./Core/Src/ble.o
                0x20000300                rxEvent
 .bss.dataAvailable
                0x20000304        0x4 ./Core/Src/main.o
                0x20000304                dataAvailable
 .bss.hspi3     0x20000308       0x64 ./Core/Src/main.o
                0x20000308                hspi3
 .bss.msTicks   0x2000036c        0x4 ./Core/Src/main.o
                0x2000036c                msTicks
 .bss.movement  0x20000370        0x1 ./Core/Src/main.o
                0x20000370                movement
 .bss.lostMode  0x20000371        0x1 ./Core/Src/main.o
                0x20000371                lostMode
 .bss.tenSecTicks
                0x20000372        0x2 ./Core/Src/main.o
                0x20000372                tenSecTicks
 .bss.isDiscoverable
                0x20000374        0x1 ./Core/Src/main.o
                0x20000374                isDiscoverable
 *fill*         0x20000375        0x3 
 .bss.heap_end.0
                0x20000378        0x4 ./Core/Src/syscalls.o
 .bss.uwTick    0x2000037c        0x4 ./Drivers/STM32L4xx_HAL_Driver/Src/stm32l4xx_hal.o
                0x2000037c                uwTick
 .bss.__malloc_sbrk_start
                0x20000380        0x4 C:/ST/STM32CubeIDE_1.17.0/STM32CubeIDE/plugins/com.st.stm32cube.ide.mcu.externaltools.gnu-tools-for-stm32.12.3.rel1.win32_1.1.0.202410251130/tools/bin/../lib/gcc/arm-none-eabi/12.3.1/../../../../arm-none-eabi/lib/thumb/v7e-m+fp/hard\libc_nano.a(libc_a-mallocr.o)
                0x20000380                __malloc_sbrk_start
 .bss.__malloc_free_list
                0x20000384        0x4 C:/ST/STM32CubeIDE_1.17.0/STM32CubeIDE/plugins/com.st.stm32cube.ide.mcu.externaltools.gnu-tools-for-stm32.12.3.rel1.win32_1.1.0.202410251130/tools/bin/../lib/gcc/arm-none-eabi/12.3.1/../../../../arm-none-eabi/lib/thumb/v7e-m+fp/hard\libc_nano.a(libc_a-mallocr.o)
                0x20000384                __malloc_free_list
 .bss.__sf      0x20000388      0x138 C:/ST/STM32CubeIDE_1.17.0/STM32CubeIDE/plugins/com.st.stm32cube.ide.mcu.externaltools.gnu-tools-for-stm32.12.3.rel1.win32_1.1.0.202410251130/tools/bin/../lib/gcc/arm-none-eabi/12.3.1/../../../../arm-none-eabi/lib/thumb/v7e-m+fp/hard\libc_nano.a(libc_a-findfp.o)
                0x20000388                __sf
 .bss.__stdio_exit_handler
                0x200004c0        0x4 C:/ST/STM32CubeIDE_1.17.0/STM32CubeIDE/plugins/com.st.stm32cube.ide.mcu.externaltools.gnu-tools-for-stm32.12.3.rel1.win32_1.1.0.202410251130/tools/bin/../lib/gcc/arm-none-eabi/12.3.1/../../../../arm-none-eabi/lib/thumb/v7e-m+fp/hard\libc_nano.a(libc_a-findfp.o)
                0x200004c0                __stdio_exit_handler
 .bss.errno     0x200004c4        0x4 C:/ST/STM32CubeIDE_1.17.0/STM32CubeIDE/plugins/com.st.stm32cube.ide.mcu.externaltools.gnu-tools-for-stm32.12.3.rel1.win32_1.1.0.202410251130/tools/bin/../lib/gcc/arm-none-eabi/12.3.1/../../../../arm-none-eabi/lib/thumb/v7e-m+fp/hard\libc_nano.a(libc_a-reent.o)
                0x200004c4                errno
 .bss.__lock___malloc_recursive_mutex
                0x200004c8        0x1 C:/ST/STM32CubeIDE_1.17.0/STM32CubeIDE/plugins/com.st.stm32cube.ide.mcu.externaltools.gnu-tools-for-stm32.12.3.rel1.win32_1.1.0.202410251130/tools/bin/../lib/gcc/arm-none-eabi/12.3.1/../../../../arm-none-eabi/lib/thumb/v7e-m+fp/hard\libc_nano.a(libc_a-lock.o)
                0x200004c8                __lock___malloc_recursive_mutex
 .bss.__lock___sfp_recursive_mutex
                0x200004c9        0x1 C:/ST/STM32CubeIDE_1.17.0/STM32CubeIDE/plugins/com.st.stm32cube.ide.mcu.externaltools.gnu-tools-for-stm32.12.3.rel1.win32_1.1.0.202410251130/tools/bin/../lib/gcc/arm-none-eabi/12.3.1/../../../../arm-none-eabi/lib/thumb/v7e-m+fp/hard\libc_nano.a(libc_a-lock.o)
                0x200004c9                __lock___sfp_recursive_mutex
 *(COMMON)
                0x200004cc                        . = ALIGN (0x4)
 *fill*         0x200004ca        0x2 
                0x200004cc                        _ebss = .
                0x200004cc                        __bss_end__ = _ebss

._user_heap_stack
                0x200004cc      0x604 load address 0x08005894
                0x200004d0                        . = ALIGN (0x8)
 *fill*         0x200004cc        0x4 
                0x200004d0                        PROVIDE (end = .)
                [!provide]                        PROVIDE (_end = .)
                0x200006d0                        . = (. + _Min_Heap_Size)
 *fill*         0x200004d0      0x200 
                0x20000ad0                        . = (. + _Min_Stack_Size)
 *fill*         0x200006d0      0x400 
                0x20000ad0                        . = ALIGN (0x8)

/DISCARD/
 libc.a(*)
 libm.a(*)
 libgcc.a(*)

.ARM.attributes
                0x00000000       0x30
 *(.ARM.attributes)
 .ARM.attributes
                0x00000000       0x22 C:/ST/STM32CubeIDE_1.17.0/STM32CubeIDE/plugins/com.st.stm32cube.ide.mcu.externaltools.gnu-tools-for-stm32.12.3.rel1.win32_1.1.0.202410251130/tools/bin/../lib/gcc/arm-none-eabi/12.3.1/thumb/v7e-m+fp/hard/crti.o
 .ARM.attributes
                0x00000022       0x34 C:/ST/STM32CubeIDE_1.17.0/STM32CubeIDE/plugins/com.st.stm32cube.ide.mcu.externaltools.gnu-tools-for-stm32.12.3.rel1.win32_1.1.0.202410251130/tools/bin/../lib/gcc/arm-none-eabi/12.3.1/thumb/v7e-m+fp/hard/crtbegin.o
 .ARM.attributes
                0x00000056       0x34 ./Core/Src/ble.o
 .ARM.attributes
                0x0000008a       0x34 ./Core/Src/i2c.o
 .ARM.attributes
                0x000000be       0x34 ./Core/Src/leds.o
 .ARM.attributes
                0x000000f2       0x34 ./Core/Src/lsm6dsl.o
 .ARM.attributes
                0x00000126       0x34 ./Core/Src/main.o
 .ARM.attributes
                0x0000015a       0x34 ./Core/Src/stm32l4xx_hal_msp.o
 .ARM.attributes
                0x0000018e       0x34 ./Core/Src/stm32l4xx_it.o
 .ARM.attributes
                0x000001c2       0x34 ./Core/Src/syscalls.o
 .ARM.attributes
                0x000001f6       0x34 ./Core/Src/system_stm32l4xx.o
 .ARM.attributes
                0x0000022a       0x34 ./Core/Src/timer.o
 .ARM.attributes
                0x0000025e       0x21 ./Core/Startup/startup_stm32l475vgtx.o
 .ARM.attributes
                0x0000027f       0x34 ./Drivers/STM32L4xx_HAL_Driver/Src/stm32l4xx_hal.o
 .ARM.attributes
                0x000002b3       0x34 ./Drivers/STM32L4xx_HAL_Driver/Src/stm32l4xx_hal_cortex.o
 .ARM.attributes
                0x000002e7       0x34 ./Drivers/STM32L4xx_HAL_Driver/Src/stm32l4xx_hal_gpio.o
 .ARM.attributes
                0x0000031b       0x34 ./Drivers/STM32L4xx_HAL_Driver/Src/stm32l4xx_hal_pwr.o
 .ARM.attributes
                0x0000034f       0x34 ./Drivers/STM32L4xx_HAL_Driver/Src/stm32l4xx_hal_pwr_ex.o
 .ARM.attributes
                0x00000383       0x34 ./Drivers/STM32L4xx_HAL_Driver/Src/stm32l4xx_hal_rcc.o
 .ARM.attributes
                0x000003b7       0x34 ./Drivers/STM32L4xx_HAL_Driver/Src/stm32l4xx_hal_spi.o
 .ARM.attributes
                0x000003eb       0x34 C:/ST/STM32CubeIDE_1.17.0/STM32CubeIDE/plugins/com.st.stm32cube.ide.mcu.externaltools.gnu-tools-for-stm32.12.3.rel1.win32_1.1.0.202410251130/tools/bin/../lib/gcc/arm-none-eabi/12.3.1/../../../../arm-none-eabi/lib/thumb/v7e-m+fp/hard\libc_nano.a(libc_a-malloc.o)
 .ARM.attributes
                0x0000041f       0x34 C:/ST/STM32CubeIDE_1.17.0/STM32CubeIDE/plugins/com.st.stm32cube.ide.mcu.externaltools.gnu-tools-for-stm32.12.3.rel1.win32_1.1.0.202410251130/tools/bin/../lib/gcc/arm-none-eabi/12.3.1/../../../../arm-none-eabi/lib/thumb/v7e-m+fp/hard\libc_nano.a(libc_a-mallocr.o)
 .ARM.attributes
                0x00000453       0x34 C:/ST/STM32CubeIDE_1.17.0/STM32CubeIDE/plugins/com.st.stm32cube.ide.mcu.externaltools.gnu-tools-for-stm32.12.3.rel1.win32_1.1.0.202410251130/tools/bin/../lib/gcc/arm-none-eabi/12.3.1/../../../../arm-none-eabi/lib/thumb/v7e-m+fp/hard\libc_nano.a(libc_a-mlock.o)
 .ARM.attributes
                0x00000487       0x34 C:/ST/STM32CubeIDE_1.17.0/STM32CubeIDE/plugins/com.st.stm32cube.ide.mcu.externaltools.gnu-tools-for-stm32.12.3.rel1.win32_1.1.0.202410251130/tools/bin/../lib/gcc/arm-none-eabi/12.3.1/../../../../arm-none-eabi/lib/thumb/v7e-m+fp/hard\libc_nano.a(libc_a-findfp.o)
 .ARM.attributes
                0x000004bb       0x34 C:/ST/STM32CubeIDE_1.17.0/STM32CubeIDE/plugins/com.st.stm32cube.ide.mcu.externaltools.gnu-tools-for-stm32.12.3.rel1.win32_1.1.0.202410251130/tools/bin/../lib/gcc/arm-none-eabi/12.3.1/../../../../arm-none-eabi/lib/thumb/v7e-m+fp/hard\libc_nano.a(libc_a-fwalk.o)
 .ARM.attributes
                0x000004ef       0x34 C:/ST/STM32CubeIDE_1.17.0/STM32CubeIDE/plugins/com.st.stm32cube.ide.mcu.externaltools.gnu-tools-for-stm32.12.3.rel1.win32_1.1.0.202410251130/tools/bin/../lib/gcc/arm-none-eabi/12.3.1/../../../../arm-none-eabi/lib/thumb/v7e-m+fp/hard\libc_nano.a(libc_a-printf.o)
 .ARM.attributes
                0x00000523       0x34 C:/ST/STM32CubeIDE_1.17.0/STM32CubeIDE/plugins/com.st.stm32cube.ide.mcu.externaltools.gnu-tools-for-stm32.12.3.rel1.win32_1.1.0.202410251130/tools/bin/../lib/gcc/arm-none-eabi/12.3.1/../../../../arm-none-eabi/lib/thumb/v7e-m+fp/hard\libc_nano.a(libc_a-puts.o)
 .ARM.attributes
                0x00000557       0x34 C:/ST/STM32CubeIDE_1.17.0/STM32CubeIDE/plugins/com.st.stm32cube.ide.mcu.externaltools.gnu-tools-for-stm32.12.3.rel1.win32_1.1.0.202410251130/tools/bin/../lib/gcc/arm-none-eabi/12.3.1/../../../../arm-none-eabi/lib/thumb/v7e-m+fp/hard\libc_nano.a(libc_a-snprintf.o)
 .ARM.attributes
                0x0000058b       0x34 C:/ST/STM32CubeIDE_1.17.0/STM32CubeIDE/plugins/com.st.stm32cube.ide.mcu.externaltools.gnu-tools-for-stm32.12.3.rel1.win32_1.1.0.202410251130/tools/bin/../lib/gcc/arm-none-eabi/12.3.1/../../../../arm-none-eabi/lib/thumb/v7e-m+fp/hard\libc_nano.a(libc_a-stdio.o)
 .ARM.attributes
                0x000005bf       0x34 C:/ST/STM32CubeIDE_1.17.0/STM32CubeIDE/plugins/com.st.stm32cube.ide.mcu.externaltools.gnu-tools-for-stm32.12.3.rel1.win32_1.1.0.202410251130/tools/bin/../lib/gcc/arm-none-eabi/12.3.1/../../../../arm-none-eabi/lib/thumb/v7e-m+fp/hard\libc_nano.a(libc_a-wbuf.o)
 .ARM.attributes
                0x000005f3       0x34 C:/ST/STM32CubeIDE_1.17.0/STM32CubeIDE/plugins/com.st.stm32cube.ide.mcu.externaltools.gnu-tools-for-stm32.12.3.rel1.win32_1.1.0.202410251130/tools/bin/../lib/gcc/arm-none-eabi/12.3.1/../../../../arm-none-eabi/lib/thumb/v7e-m+fp/hard\libc_nano.a(libc_a-wsetup.o)
 .ARM.attributes
                0x00000627       0x34 C:/ST/STM32CubeIDE_1.17.0/STM32CubeIDE/plugins/com.st.stm32cube.ide.mcu.externaltools.gnu-tools-for-stm32.12.3.rel1.win32_1.1.0.202410251130/tools/bin/../lib/gcc/arm-none-eabi/12.3.1/../../../../arm-none-eabi/lib/thumb/v7e-m+fp/hard\libc_nano.a(libc_a-memset.o)
 .ARM.attributes
                0x0000065b       0x34 C:/ST/STM32CubeIDE_1.17.0/STM32CubeIDE/plugins/com.st.stm32cube.ide.mcu.externaltools.gnu-tools-for-stm32.12.3.rel1.win32_1.1.0.202410251130/tools/bin/../lib/gcc/arm-none-eabi/12.3.1/../../../../arm-none-eabi/lib/thumb/v7e-m+fp/hard\libc_nano.a(libc_a-closer.o)
 .ARM.attributes
                0x0000068f       0x34 C:/ST/STM32CubeIDE_1.17.0/STM32CubeIDE/plugins/com.st.stm32cube.ide.mcu.externaltools.gnu-tools-for-stm32.12.3.rel1.win32_1.1.0.202410251130/tools/bin/../lib/gcc/arm-none-eabi/12.3.1/../../../../arm-none-eabi/lib/thumb/v7e-m+fp/hard\libc_nano.a(libc_a-reent.o)
 .ARM.attributes
                0x000006c3       0x34 C:/ST/STM32CubeIDE_1.17.0/STM32CubeIDE/plugins/com.st.stm32cube.ide.mcu.externaltools.gnu-tools-for-stm32.12.3.rel1.win32_1.1.0.202410251130/tools/bin/../lib/gcc/arm-none-eabi/12.3.1/../../../../arm-none-eabi/lib/thumb/v7e-m+fp/hard\libc_nano.a(libc_a-impure.o)
 .ARM.attributes
                0x000006f7       0x34 C:/ST/STM32CubeIDE_1.17.0/STM32CubeIDE/plugins/com.st.stm32cube.ide.mcu.externaltools.gnu-tools-for-stm32.12.3.rel1.win32_1.1.0.202410251130/tools/bin/../lib/gcc/arm-none-eabi/12.3.1/../../../../arm-none-eabi/lib/thumb/v7e-m+fp/hard\libc_nano.a(libc_a-lseekr.o)
 .ARM.attributes
                0x0000072b       0x34 C:/ST/STM32CubeIDE_1.17.0/STM32CubeIDE/plugins/com.st.stm32cube.ide.mcu.externaltools.gnu-tools-for-stm32.12.3.rel1.win32_1.1.0.202410251130/tools/bin/../lib/gcc/arm-none-eabi/12.3.1/../../../../arm-none-eabi/lib/thumb/v7e-m+fp/hard\libc_nano.a(libc_a-readr.o)
 .ARM.attributes
                0x0000075f       0x34 C:/ST/STM32CubeIDE_1.17.0/STM32CubeIDE/plugins/com.st.stm32cube.ide.mcu.externaltools.gnu-tools-for-stm32.12.3.rel1.win32_1.1.0.202410251130/tools/bin/../lib/gcc/arm-none-eabi/12.3.1/../../../../arm-none-eabi/lib/thumb/v7e-m+fp/hard\libc_nano.a(libc_a-sbrkr.o)
 .ARM.attributes
                0x00000793       0x34 C:/ST/STM32CubeIDE_1.17.0/STM32CubeIDE/plugins/com.st.stm32cube.ide.mcu.externaltools.gnu-tools-for-stm32.12.3.rel1.win32_1.1.0.202410251130/tools/bin/../lib/gcc/arm-none-eabi/12.3.1/../../../../arm-none-eabi/lib/thumb/v7e-m+fp/hard\libc_nano.a(libc_a-writer.o)
 .ARM.attributes
                0x000007c7       0x34 C:/ST/STM32CubeIDE_1.17.0/STM32CubeIDE/plugins/com.st.stm32cube.ide.mcu.externaltools.gnu-tools-for-stm32.12.3.rel1.win32_1.1.0.202410251130/tools/bin/../lib/gcc/arm-none-eabi/12.3.1/../../../../arm-none-eabi/lib/thumb/v7e-m+fp/hard\libc_nano.a(libc_a-errno.o)
 .ARM.attributes
                0x000007fb       0x34 C:/ST/STM32CubeIDE_1.17.0/STM32CubeIDE/plugins/com.st.stm32cube.ide.mcu.externaltools.gnu-tools-for-stm32.12.3.rel1.win32_1.1.0.202410251130/tools/bin/../lib/gcc/arm-none-eabi/12.3.1/../../../../arm-none-eabi/lib/thumb/v7e-m+fp/hard\libc_nano.a(libc_a-init.o)
 .ARM.attributes
                0x0000082f       0x34 C:/ST/STM32CubeIDE_1.17.0/STM32CubeIDE/plugins/com.st.stm32cube.ide.mcu.externaltools.gnu-tools-for-stm32.12.3.rel1.win32_1.1.0.202410251130/tools/bin/../lib/gcc/arm-none-eabi/12.3.1/../../../../arm-none-eabi/lib/thumb/v7e-m+fp/hard\libc_nano.a(libc_a-lock.o)
 .ARM.attributes
                0x00000863       0x34 C:/ST/STM32CubeIDE_1.17.0/STM32CubeIDE/plugins/com.st.stm32cube.ide.mcu.externaltools.gnu-tools-for-stm32.12.3.rel1.win32_1.1.0.202410251130/tools/bin/../lib/gcc/arm-none-eabi/12.3.1/../../../../arm-none-eabi/lib/thumb/v7e-m+fp/hard\libc_nano.a(libc_a-memcpy-stub.o)
 .ARM.attributes
                0x00000897       0x17 C:/ST/STM32CubeIDE_1.17.0/STM32CubeIDE/plugins/com.st.stm32cube.ide.mcu.externaltools.gnu-tools-for-stm32.12.3.rel1.win32_1.1.0.202410251130/tools/bin/../lib/gcc/arm-none-eabi/12.3.1/../../../../arm-none-eabi/lib/thumb/v7e-m+fp/hard\libc_nano.a(libc_a-strlen.o)
 .ARM.attributes
                0x000008ae       0x34 C:/ST/STM32CubeIDE_1.17.0/STM32CubeIDE/plugins/com.st.stm32cube.ide.mcu.externaltools.gnu-tools-for-stm32.12.3.rel1.win32_1.1.0.202410251130/tools/bin/../lib/gcc/arm-none-eabi/12.3.1/../../../../arm-none-eabi/lib/thumb/v7e-m+fp/hard\libc_nano.a(libc_a-freer.o)
 .ARM.attributes
                0x000008e2       0x34 C:/ST/STM32CubeIDE_1.17.0/STM32CubeIDE/plugins/com.st.stm32cube.ide.mcu.externaltools.gnu-tools-for-stm32.12.3.rel1.win32_1.1.0.202410251130/tools/bin/../lib/gcc/arm-none-eabi/12.3.1/../../../../arm-none-eabi/lib/thumb/v7e-m+fp/hard\libc_nano.a(libc_a-nano-svfprintf.o)
 .ARM.attributes
                0x00000916       0x34 C:/ST/STM32CubeIDE_1.17.0/STM32CubeIDE/plugins/com.st.stm32cube.ide.mcu.externaltools.gnu-tools-for-stm32.12.3.rel1.win32_1.1.0.202410251130/tools/bin/../lib/gcc/arm-none-eabi/12.3.1/../../../../arm-none-eabi/lib/thumb/v7e-m+fp/hard\libc_nano.a(libc_a-nano-vfprintf.o)
 .ARM.attributes
                0x0000094a       0x34 C:/ST/STM32CubeIDE_1.17.0/STM32CubeIDE/plugins/com.st.stm32cube.ide.mcu.externaltools.gnu-tools-for-stm32.12.3.rel1.win32_1.1.0.202410251130/tools/bin/../lib/gcc/arm-none-eabi/12.3.1/../../../../arm-none-eabi/lib/thumb/v7e-m+fp/hard\libc_nano.a(libc_a-nano-vfprintf_i.o)
 .ARM.attributes
                0x0000097e       0x34 C:/ST/STM32CubeIDE_1.17.0/STM32CubeIDE/plugins/com.st.stm32cube.ide.mcu.externaltools.gnu-tools-for-stm32.12.3.rel1.win32_1.1.0.202410251130/tools/bin/../lib/gcc/arm-none-eabi/12.3.1/../../../../arm-none-eabi/lib/thumb/v7e-m+fp/hard\libc_nano.a(libc_a-fflush.o)
 .ARM.attributes
                0x000009b2       0x34 C:/ST/STM32CubeIDE_1.17.0/STM32CubeIDE/plugins/com.st.stm32cube.ide.mcu.externaltools.gnu-tools-for-stm32.12.3.rel1.win32_1.1.0.202410251130/tools/bin/../lib/gcc/arm-none-eabi/12.3.1/../../../../arm-none-eabi/lib/thumb/v7e-m+fp/hard\libc_nano.a(libc_a-makebuf.o)
 .ARM.attributes
                0x000009e6       0x34 C:/ST/STM32CubeIDE_1.17.0/STM32CubeIDE/plugins/com.st.stm32cube.ide.mcu.externaltools.gnu-tools-for-stm32.12.3.rel1.win32_1.1.0.202410251130/tools/bin/../lib/gcc/arm-none-eabi/12.3.1/../../../../arm-none-eabi/lib/thumb/v7e-m+fp/hard\libc_nano.a(libc_a-memmove.o)
 .ARM.attributes
                0x00000a1a       0x34 C:/ST/STM32CubeIDE_1.17.0/STM32CubeIDE/plugins/com.st.stm32cube.ide.mcu.externaltools.gnu-tools-for-stm32.12.3.rel1.win32_1.1.0.202410251130/tools/bin/../lib/gcc/arm-none-eabi/12.3.1/../../../../arm-none-eabi/lib/thumb/v7e-m+fp/hard\libc_nano.a(libc_a-fstatr.o)
 .ARM.attributes
                0x00000a4e       0x34 C:/ST/STM32CubeIDE_1.17.0/STM32CubeIDE/plugins/com.st.stm32cube.ide.mcu.externaltools.gnu-tools-for-stm32.12.3.rel1.win32_1.1.0.202410251130/tools/bin/../lib/gcc/arm-none-eabi/12.3.1/../../../../arm-none-eabi/lib/thumb/v7e-m+fp/hard\libc_nano.a(libc_a-isattyr.o)
 .ARM.attributes
                0x00000a82       0x1c C:/ST/STM32CubeIDE_1.17.0/STM32CubeIDE/plugins/com.st.stm32cube.ide.mcu.externaltools.gnu-tools-for-stm32.12.3.rel1.win32_1.1.0.202410251130/tools/bin/../lib/gcc/arm-none-eabi/12.3.1/../../../../arm-none-eabi/lib/thumb/v7e-m+fp/hard\libc_nano.a(libc_a-memchr.o)
 .ARM.attributes
                0x00000a9e       0x34 C:/ST/STM32CubeIDE_1.17.0/STM32CubeIDE/plugins/com.st.stm32cube.ide.mcu.externaltools.gnu-tools-for-stm32.12.3.rel1.win32_1.1.0.202410251130/tools/bin/../lib/gcc/arm-none-eabi/12.3.1/../../../../arm-none-eabi/lib/thumb/v7e-m+fp/hard\libc_nano.a(libc_a-reallocr.o)
 .ARM.attributes
                0x00000ad2       0x34 C:/ST/STM32CubeIDE_1.17.0/STM32CubeIDE/plugins/com.st.stm32cube.ide.mcu.externaltools.gnu-tools-for-stm32.12.3.rel1.win32_1.1.0.202410251130/tools/bin/../lib/gcc/arm-none-eabi/12.3.1/../../../../arm-none-eabi/lib/thumb/v7e-m+fp/hard\libc_nano.a(libc_a-msizer.o)
 .ARM.attributes
                0x00000b06       0x22 C:/ST/STM32CubeIDE_1.17.0/STM32CubeIDE/plugins/com.st.stm32cube.ide.mcu.externaltools.gnu-tools-for-stm32.12.3.rel1.win32_1.1.0.202410251130/tools/bin/../lib/gcc/arm-none-eabi/12.3.1/thumb/v7e-m+fp/hard\libgcc.a(_arm_muldf3.o)
 .ARM.attributes
                0x00000b28       0x22 C:/ST/STM32CubeIDE_1.17.0/STM32CubeIDE/plugins/com.st.stm32cube.ide.mcu.externaltools.gnu-tools-for-stm32.12.3.rel1.win32_1.1.0.202410251130/tools/bin/../lib/gcc/arm-none-eabi/12.3.1/thumb/v7e-m+fp/hard\libgcc.a(_arm_addsubdf3.o)
 .ARM.attributes
                0x00000b4a       0x22 C:/ST/STM32CubeIDE_1.17.0/STM32CubeIDE/plugins/com.st.stm32cube.ide.mcu.externaltools.gnu-tools-for-stm32.12.3.rel1.win32_1.1.0.202410251130/tools/bin/../lib/gcc/arm-none-eabi/12.3.1/thumb/v7e-m+fp/hard\libgcc.a(_arm_fixdfsi.o)
 .ARM.attributes
                0x00000b6c       0x22 C:/ST/STM32CubeIDE_1.17.0/STM32CubeIDE/plugins/com.st.stm32cube.ide.mcu.externaltools.gnu-tools-for-stm32.12.3.rel1.win32_1.1.0.202410251130/tools/bin/../lib/gcc/arm-none-eabi/12.3.1/thumb/v7e-m+fp/hard/crtn.o
OUTPUT(youlostit-ble.elf elf32-littlearm)
LOAD linker stubs
LOAD C:/ST/STM32CubeIDE_1.17.0/STM32CubeIDE/plugins/com.st.stm32cube.ide.mcu.externaltools.gnu-tools-for-stm32.12.3.rel1.win32_1.1.0.202410251130/tools/bin/../lib/gcc/arm-none-eabi/12.3.1/../../../../arm-none-eabi/lib/thumb/v7e-m+fp/hard\libc.a
LOAD C:/ST/STM32CubeIDE_1.17.0/STM32CubeIDE/plugins/com.st.stm32cube.ide.mcu.externaltools.gnu-tools-for-stm32.12.3.rel1.win32_1.1.0.202410251130/tools/bin/../lib/gcc/arm-none-eabi/12.3.1/../../../../arm-none-eabi/lib/thumb/v7e-m+fp/hard\libm.a
LOAD C:/ST/STM32CubeIDE_1.17.0/STM32CubeIDE/plugins/com.st.stm32cube.ide.mcu.externaltools.gnu-tools-for-stm32.12.3.rel1.win32_1.1.0.202410251130/tools/bin/../lib/gcc/arm-none-eabi/12.3.1/thumb/v7e-m+fp/hard\libgcc.a

.debug_info     0x00000000     0xb104
 .debug_info    0x00000000      0xfab ./Core/Src/ble.o
 .debug_info    0x00000fab      0x47c ./Core/Src/i2c.o
 .debug_info    0x00001427      0x380 ./Core/Src/leds.o
 .debug_info    0x000017a7      0x1d1 ./Core/Src/lsm6dsl.o
 .debug_info    0x00001978     0x136f ./Core/Src/main.o
 .debug_info    0x00002ce7     0x16ae ./Core/Src/stm32l4xx_hal_msp.o
 .debug_info    0x00004395      0x158 ./Core/Src/stm32l4xx_it.o
 .debug_info    0x000044ed      0x715 ./Core/Src/syscalls.o
 .debug_info    0x00004c02      0x5ce ./Core/Src/system_stm32l4xx.o
 .debug_info    0x000051d0      0xabc ./Core/Src/timer.o
 .debug_info    0x00005c8c       0x30 ./Core/Startup/startup_stm32l475vgtx.o
 .debug_info    0x00005cbc      0xae5 ./Drivers/STM32L4xx_HAL_Driver/Src/stm32l4xx_hal.o
 .debug_info    0x000067a1      0xd46 ./Drivers/STM32L4xx_HAL_Driver/Src/stm32l4xx_hal_cortex.o
 .debug_info    0x000074e7      0x757 ./Drivers/STM32L4xx_HAL_Driver/Src/stm32l4xx_hal_gpio.o
 .debug_info    0x00007c3e      0x91e ./Drivers/STM32L4xx_HAL_Driver/Src/stm32l4xx_hal_pwr.o
 .debug_info    0x0000855c      0x97a ./Drivers/STM32L4xx_HAL_Driver/Src/stm32l4xx_hal_pwr_ex.o
 .debug_info    0x00008ed6      0xc14 ./Drivers/STM32L4xx_HAL_Driver/Src/stm32l4xx_hal_rcc.o
 .debug_info    0x00009aea     0x161a ./Drivers/STM32L4xx_HAL_Driver/Src/stm32l4xx_hal_spi.o

.debug_abbrev   0x00000000     0x21cc
 .debug_abbrev  0x00000000      0x321 ./Core/Src/ble.o
 .debug_abbrev  0x00000321      0x135 ./Core/Src/i2c.o
 .debug_abbrev  0x00000456       0xf2 ./Core/Src/leds.o
 .debug_abbrev  0x00000548      0x105 ./Core/Src/lsm6dsl.o
 .debug_abbrev  0x0000064d      0x33a ./Core/Src/main.o
 .debug_abbrev  0x00000987      0x251 ./Core/Src/stm32l4xx_hal_msp.o
 .debug_abbrev  0x00000bd8       0xb3 ./Core/Src/stm32l4xx_it.o
 .debug_abbrev  0x00000c8b      0x1ca ./Core/Src/syscalls.o
 .debug_abbrev  0x00000e55      0x13f ./Core/Src/system_stm32l4xx.o
 .debug_abbrev  0x00000f94      0x1de ./Core/Src/timer.o
 .debug_abbrev  0x00001172       0x24 ./Core/Startup/startup_stm32l475vgtx.o
 .debug_abbrev  0x00001196      0x242 ./Drivers/STM32L4xx_HAL_Driver/Src/stm32l4xx_hal.o
 .debug_abbrev  0x000013d8      0x327 ./Drivers/STM32L4xx_HAL_Driver/Src/stm32l4xx_hal_cortex.o
 .debug_abbrev  0x000016ff      0x1cb ./Drivers/STM32L4xx_HAL_Driver/Src/stm32l4xx_hal_gpio.o
 .debug_abbrev  0x000018ca      0x1d4 ./Drivers/STM32L4xx_HAL_Driver/Src/stm32l4xx_hal_pwr.o
 .debug_abbrev  0x00001a9e      0x1f9 ./Drivers/STM32L4xx_HAL_Driver/Src/stm32l4xx_hal_pwr_ex.o
 .debug_abbrev  0x00001c97      0x2cb ./Drivers/STM32L4xx_HAL_Driver/Src/stm32l4xx_hal_rcc.o
 .debug_abbrev  0x00001f62      0x26a ./Drivers/STM32L4xx_HAL_Driver/Src/stm32l4xx_hal_spi.o

.debug_aranges  0x00000000      0xa48
 .debug_aranges
                0x00000000       0x80 ./Core/Src/ble.o
 .debug_aranges
                0x00000080       0x28 ./Core/Src/i2c.o
 .debug_aranges
                0x000000a8       0x28 ./Core/Src/leds.o
 .debug_aranges
                0x000000d0       0x28 ./Core/Src/lsm6dsl.o
 .debug_aranges
                0x000000f8       0x50 ./Core/Src/main.o
 .debug_aranges
                0x00000148       0x68 ./Core/Src/stm32l4xx_hal_msp.o
 .debug_aranges
                0x000001b0       0x68 ./Core/Src/stm32l4xx_it.o
 .debug_aranges
                0x00000218       0xb0 ./Core/Src/syscalls.o
 .debug_aranges
                0x000002c8       0x28 ./Core/Src/system_stm32l4xx.o
 .debug_aranges
                0x000002f0       0x40 ./Core/Src/timer.o
 .debug_aranges
                0x00000330       0x28 ./Core/Startup/startup_stm32l475vgtx.o
 .debug_aranges
                0x00000358      0x130 ./Drivers/STM32L4xx_HAL_Driver/Src/stm32l4xx_hal.o
 .debug_aranges
                0x00000488      0x118 ./Drivers/STM32L4xx_HAL_Driver/Src/stm32l4xx_hal_cortex.o
 .debug_aranges
                0x000005a0       0x58 ./Drivers/STM32L4xx_HAL_Driver/Src/stm32l4xx_hal_gpio.o
 .debug_aranges
                0x000005f8       0x98 ./Drivers/STM32L4xx_HAL_Driver/Src/stm32l4xx_hal_pwr.o
 .debug_aranges
                0x00000690      0x150 ./Drivers/STM32L4xx_HAL_Driver/Src/stm32l4xx_hal_pwr_ex.o
 .debug_aranges
                0x000007e0       0x90 ./Drivers/STM32L4xx_HAL_Driver/Src/stm32l4xx_hal_rcc.o
 .debug_aranges
                0x00000870      0x1d8 ./Drivers/STM32L4xx_HAL_Driver/Src/stm32l4xx_hal_spi.o

.debug_rnglists
                0x00000000      0x79e
 .debug_rnglists
                0x00000000       0x64 ./Core/Src/ble.o
 .debug_rnglists
                0x00000064       0x1b ./Core/Src/i2c.o
 .debug_rnglists
                0x0000007f       0x1b ./Core/Src/leds.o
 .debug_rnglists
                0x0000009a       0x1b ./Core/Src/lsm6dsl.o
 .debug_rnglists
                0x000000b5       0x3b ./Core/Src/main.o
 .debug_rnglists
                0x000000f0       0x4b ./Core/Src/stm32l4xx_hal_msp.o
 .debug_rnglists
                0x0000013b       0x49 ./Core/Src/stm32l4xx_it.o
 .debug_rnglists
                0x00000184       0x7f ./Core/Src/syscalls.o
 .debug_rnglists
                0x00000203       0x1a ./Core/Src/system_stm32l4xx.o
 .debug_rnglists
                0x0000021d       0x2c ./Core/Src/timer.o
 .debug_rnglists
                0x00000249       0x19 ./Core/Startup/startup_stm32l475vgtx.o
 .debug_rnglists
                0x00000262       0xdf ./Drivers/STM32L4xx_HAL_Driver/Src/stm32l4xx_hal.o
 .debug_rnglists
                0x00000341       0xce ./Drivers/STM32L4xx_HAL_Driver/Src/stm32l4xx_hal_cortex.o
 .debug_rnglists
                0x0000040f       0x3f ./Drivers/STM32L4xx_HAL_Driver/Src/stm32l4xx_hal_gpio.o
 .debug_rnglists
                0x0000044e       0x6e ./Drivers/STM32L4xx_HAL_Driver/Src/stm32l4xx_hal_pwr.o
 .debug_rnglists
                0x000004bc       0xfd ./Drivers/STM32L4xx_HAL_Driver/Src/stm32l4xx_hal_pwr_ex.o
 .debug_rnglists
                0x000005b9       0x6d ./Drivers/STM32L4xx_HAL_Driver/Src/stm32l4xx_hal_rcc.o
 .debug_rnglists
                0x00000626      0x178 ./Drivers/STM32L4xx_HAL_Driver/Src/stm32l4xx_hal_spi.o

.debug_macro    0x00000000    0x2790a
 .debug_macro   0x00000000      0x2fd ./Core/Src/ble.o
 .debug_macro   0x000002fd      0xab4 ./Core/Src/ble.o
 .debug_macro   0x00000db1      0x1ad ./Core/Src/ble.o
 .debug_macro   0x00000f5e       0x2e ./Core/Src/ble.o
 .debug_macro   0x00000f8c       0x28 ./Core/Src/ble.o
 .debug_macro   0x00000fb4       0x22 ./Core/Src/ble.o
 .debug_macro   0x00000fd6       0x8e ./Core/Src/ble.o
 .debug_macro   0x00001064       0x51 ./Core/Src/ble.o
 .debug_macro   0x000010b5      0x103 ./Core/Src/ble.o
 .debug_macro   0x000011b8       0x6a ./Core/Src/ble.o
 .debug_macro   0x00001222      0x1df ./Core/Src/ble.o
 .debug_macro   0x00001401       0x1c ./Core/Src/ble.o
 .debug_macro   0x0000141d       0x22 ./Core/Src/ble.o
 .debug_macro   0x0000143f       0xfb ./Core/Src/ble.o
 .debug_macro   0x0000153a     0x1011 ./Core/Src/ble.o
 .debug_macro   0x0000254b      0x11f ./Core/Src/ble.o
 .debug_macro   0x0000266a    0x19dc7 ./Core/Src/ble.o
 .debug_macro   0x0001c431       0x6d ./Core/Src/ble.o
 .debug_macro   0x0001c49e     0x38e6 ./Core/Src/ble.o
 .debug_macro   0x0001fd84      0x189 ./Core/Src/ble.o
 .debug_macro   0x0001ff0d       0x5c ./Core/Src/ble.o
 .debug_macro   0x0001ff69     0x1558 ./Core/Src/ble.o
 .debug_macro   0x000214c1      0x5a5 ./Core/Src/ble.o
 .debug_macro   0x00021a66      0x1b9 ./Core/Src/ble.o
 .debug_macro   0x00021c1f      0x17d ./Core/Src/ble.o
 .debug_macro   0x00021d9c      0x26b ./Core/Src/ble.o
 .debug_macro   0x00022007      0x23d ./Core/Src/ble.o
 .debug_macro   0x00022244      0x241 ./Core/Src/ble.o
 .debug_macro   0x00022485      0x37c ./Core/Src/ble.o
 .debug_macro   0x00022801       0xd6 ./Core/Src/ble.o
 .debug_macro   0x000228d7      0x22c ./Core/Src/ble.o
 .debug_macro   0x00022b03       0x61 ./Core/Src/ble.o
 .debug_macro   0x00022b64       0xa5 ./Core/Src/ble.o
 .debug_macro   0x00022c09      0x122 ./Core/Src/ble.o
 .debug_macro   0x00022d2b      0x3e8 ./Core/Src/ble.o
 .debug_macro   0x00023113      0x2fe ./Core/Src/ble.o
 .debug_macro   0x00023411      0xa98 ./Core/Src/ble.o
 .debug_macro   0x00023ea9      0x1e6 ./Core/Src/ble.o
 .debug_macro   0x0002408f      0x330 ./Core/Src/ble.o
 .debug_macro   0x000243bf       0x46 ./Core/Src/ble.o
 .debug_macro   0x00024405       0x22 ./Core/Src/ble.o
 .debug_macro   0x00024427       0x2a ./Core/Src/ble.o
 .debug_macro   0x00024451       0x61 ./Core/Src/ble.o
 .debug_macro   0x000244b2       0x43 ./Core/Src/ble.o
 .debug_macro   0x000244f5       0x34 ./Core/Src/ble.o
 .debug_macro   0x00024529       0x16 ./Core/Src/ble.o
 .debug_macro   0x0002453f       0x35 ./Core/Src/ble.o
 .debug_macro   0x00024574       0x16 ./Core/Src/ble.o
 .debug_macro   0x0002458a       0x43 ./Core/Src/ble.o
 .debug_macro   0x000245cd       0x34 ./Core/Src/ble.o
 .debug_macro   0x00024601       0x10 ./Core/Src/ble.o
 .debug_macro   0x00024611       0x58 ./Core/Src/ble.o
 .debug_macro   0x00024669       0x8e ./Core/Src/ble.o
 .debug_macro   0x000246f7       0x1c ./Core/Src/ble.o
 .debug_macro   0x00024713      0x177 ./Core/Src/ble.o
 .debug_macro   0x0002488a      0x369 ./Core/Src/ble.o
 .debug_macro   0x00024bf3       0x16 ./Core/Src/ble.o
 .debug_macro   0x00024c09       0x29 ./Core/Src/ble.o
 .debug_macro   0x00024c32       0x16 ./Core/Src/ble.o
 .debug_macro   0x00024c48       0x20 ./Core/Src/ble.o
 .debug_macro   0x00024c68       0x1c ./Core/Src/ble.o
 .debug_macro   0x00024c84      0x1ea ./Core/Src/i2c.o
 .debug_macro   0x00024e6e       0x22 ./Core/Src/i2c.o
 .debug_macro   0x00024e90       0x16 ./Core/Src/i2c.o
 .debug_macro   0x00024ea6       0x9e ./Core/Src/i2c.o
 .debug_macro   0x00024f44      0x10b ./Core/Src/i2c.o
 .debug_macro   0x0002504f       0x10 ./Core/Src/i2c.o
 .debug_macro   0x0002505f       0x16 ./Core/Src/i2c.o
 .debug_macro   0x00025075       0x16 ./Core/Src/i2c.o
 .debug_macro   0x0002508b      0x146 ./Core/Src/i2c.o
 .debug_macro   0x000251d1       0x22 ./Core/Src/i2c.o
 .debug_macro   0x000251f3       0xc9 ./Core/Src/leds.o
 .debug_macro   0x000252bc      0x1fa ./Core/Src/lsm6dsl.o
 .debug_macro   0x000254b6      0x36e ./Core/Src/main.o
 .debug_macro   0x00025824       0x1c ./Core/Src/main.o
 .debug_macro   0x00025840       0x1c ./Core/Src/main.o
 .debug_macro   0x0002585c      0x1e9 ./Core/Src/stm32l4xx_hal_msp.o
 .debug_macro   0x00025a45      0x206 ./Core/Src/stm32l4xx_it.o
 .debug_macro   0x00025c4b      0x274 ./Core/Src/syscalls.o
 .debug_macro   0x00025ebf       0x5b ./Core/Src/syscalls.o
 .debug_macro   0x00025f1a       0x94 ./Core/Src/syscalls.o
 .debug_macro   0x00025fae       0x57 ./Core/Src/syscalls.o
 .debug_macro   0x00026005       0x10 ./Core/Src/syscalls.o
 .debug_macro   0x00026015       0x10 ./Core/Src/syscalls.o
 .debug_macro   0x00026025       0x10 ./Core/Src/syscalls.o
 .debug_macro   0x00026035       0x10 ./Core/Src/syscalls.o
 .debug_macro   0x00026045       0x1c ./Core/Src/syscalls.o
 .debug_macro   0x00026061       0x52 ./Core/Src/syscalls.o
 .debug_macro   0x000260b3       0x22 ./Core/Src/syscalls.o